Archive member included to satisfy reference by file (symbol)

/media/kaushik/localDiskB/MasteringMCU/systemWorkbench/plugins/fr.ac6.mcu.externaltools.arm-none.linux64_1.17.0.201812190825/tools/compiler/bin/../lib/gcc/arm-none-eabi/7.3.1/thumb/v7e-m/fpv4-sp/hard/libgcc.a(_aeabi_uldivmod.o)
                              Drivers/STM32F4xx_HAL_Driver/Src/stm32f4xx_hal_rcc.o (__aeabi_uldivmod)
/media/kaushik/localDiskB/MasteringMCU/systemWorkbench/plugins/fr.ac6.mcu.externaltools.arm-none.linux64_1.17.0.201812190825/tools/compiler/bin/../lib/gcc/arm-none-eabi/7.3.1/thumb/v7e-m/fpv4-sp/hard/libgcc.a(_udivmoddi4.o)
                              /media/kaushik/localDiskB/MasteringMCU/systemWorkbench/plugins/fr.ac6.mcu.externaltools.arm-none.linux64_1.17.0.201812190825/tools/compiler/bin/../lib/gcc/arm-none-eabi/7.3.1/thumb/v7e-m/fpv4-sp/hard/libgcc.a(_aeabi_uldivmod.o) (__udivmoddi4)
/media/kaushik/localDiskB/MasteringMCU/systemWorkbench/plugins/fr.ac6.mcu.externaltools.arm-none.linux64_1.17.0.201812190825/tools/compiler/bin/../lib/gcc/arm-none-eabi/7.3.1/thumb/v7e-m/fpv4-sp/hard/libgcc.a(_dvmd_tls.o)
                              /media/kaushik/localDiskB/MasteringMCU/systemWorkbench/plugins/fr.ac6.mcu.externaltools.arm-none.linux64_1.17.0.201812190825/tools/compiler/bin/../lib/gcc/arm-none-eabi/7.3.1/thumb/v7e-m/fpv4-sp/hard/libgcc.a(_aeabi_uldivmod.o) (__aeabi_ldiv0)
/media/kaushik/localDiskB/MasteringMCU/systemWorkbench/plugins/fr.ac6.mcu.externaltools.arm-none.linux64_1.17.0.201812190825/tools/compiler/bin/../lib/gcc/arm-none-eabi/7.3.1/../../../../arm-none-eabi/lib/thumb/v7e-m/fpv4-sp/hard/libc_nano.a(lib_a-errno.o)
                              Src/syscalls.o (__errno)
/media/kaushik/localDiskB/MasteringMCU/systemWorkbench/plugins/fr.ac6.mcu.externaltools.arm-none.linux64_1.17.0.201812190825/tools/compiler/bin/../lib/gcc/arm-none-eabi/7.3.1/../../../../arm-none-eabi/lib/thumb/v7e-m/fpv4-sp/hard/libc_nano.a(lib_a-exit.o)
                              /media/kaushik/localDiskB/MasteringMCU/systemWorkbench/plugins/fr.ac6.mcu.externaltools.arm-none.linux64_1.17.0.201812190825/tools/compiler/bin/../lib/gcc/arm-none-eabi/7.3.1/../../../../arm-none-eabi/lib/thumb/v7e-m/fpv4-sp/hard/crt0.o (exit)
/media/kaushik/localDiskB/MasteringMCU/systemWorkbench/plugins/fr.ac6.mcu.externaltools.arm-none.linux64_1.17.0.201812190825/tools/compiler/bin/../lib/gcc/arm-none-eabi/7.3.1/../../../../arm-none-eabi/lib/thumb/v7e-m/fpv4-sp/hard/libc_nano.a(lib_a-impure.o)
                              /media/kaushik/localDiskB/MasteringMCU/systemWorkbench/plugins/fr.ac6.mcu.externaltools.arm-none.linux64_1.17.0.201812190825/tools/compiler/bin/../lib/gcc/arm-none-eabi/7.3.1/../../../../arm-none-eabi/lib/thumb/v7e-m/fpv4-sp/hard/libc_nano.a(lib_a-exit.o) (_global_impure_ptr)
/media/kaushik/localDiskB/MasteringMCU/systemWorkbench/plugins/fr.ac6.mcu.externaltools.arm-none.linux64_1.17.0.201812190825/tools/compiler/bin/../lib/gcc/arm-none-eabi/7.3.1/../../../../arm-none-eabi/lib/thumb/v7e-m/fpv4-sp/hard/libc_nano.a(lib_a-init.o)
                              /media/kaushik/localDiskB/MasteringMCU/systemWorkbench/plugins/fr.ac6.mcu.externaltools.arm-none.linux64_1.17.0.201812190825/tools/compiler/bin/../lib/gcc/arm-none-eabi/7.3.1/../../../../arm-none-eabi/lib/thumb/v7e-m/fpv4-sp/hard/crt0.o (__libc_init_array)
/media/kaushik/localDiskB/MasteringMCU/systemWorkbench/plugins/fr.ac6.mcu.externaltools.arm-none.linux64_1.17.0.201812190825/tools/compiler/bin/../lib/gcc/arm-none-eabi/7.3.1/../../../../arm-none-eabi/lib/thumb/v7e-m/fpv4-sp/hard/libc_nano.a(lib_a-malloc.o)
                              Middlewares/ST/STM32_USB_Host_Library/Class/CDC/Src/usbh_cdc.o (malloc)
/media/kaushik/localDiskB/MasteringMCU/systemWorkbench/plugins/fr.ac6.mcu.externaltools.arm-none.linux64_1.17.0.201812190825/tools/compiler/bin/../lib/gcc/arm-none-eabi/7.3.1/../../../../arm-none-eabi/lib/thumb/v7e-m/fpv4-sp/hard/libc_nano.a(lib_a-memset.o)
                              /media/kaushik/localDiskB/MasteringMCU/systemWorkbench/plugins/fr.ac6.mcu.externaltools.arm-none.linux64_1.17.0.201812190825/tools/compiler/bin/../lib/gcc/arm-none-eabi/7.3.1/../../../../arm-none-eabi/lib/thumb/v7e-m/fpv4-sp/hard/crt0.o (memset)
/media/kaushik/localDiskB/MasteringMCU/systemWorkbench/plugins/fr.ac6.mcu.externaltools.arm-none.linux64_1.17.0.201812190825/tools/compiler/bin/../lib/gcc/arm-none-eabi/7.3.1/../../../../arm-none-eabi/lib/thumb/v7e-m/fpv4-sp/hard/libc_nano.a(lib_a-nano-freer.o)
                              /media/kaushik/localDiskB/MasteringMCU/systemWorkbench/plugins/fr.ac6.mcu.externaltools.arm-none.linux64_1.17.0.201812190825/tools/compiler/bin/../lib/gcc/arm-none-eabi/7.3.1/../../../../arm-none-eabi/lib/thumb/v7e-m/fpv4-sp/hard/libc_nano.a(lib_a-malloc.o) (_free_r)
[...]
Memory Configuration

Name             Origin             Length             Attributes
RAM              0x0000000020000000 0x0000000000020000 xrw
CCMRAM           0x0000000010000000 0x0000000000010000 rw
FLASH            0x0000000008000000 0x0000000000100000 xr
*default*        0x0000000000000000 0xffffffffffffffff

Linker script and memory map

LOAD /media/kaushik/localDiskB/MasteringMCU/systemWorkbench/plugins/fr.ac6.mcu.externaltools.arm-none.linux64_1.17.0.201812190825/tools/compiler/bin/../lib/gcc/arm-none-eabi/7.3.1/thumb/v7e-m/fpv4-sp/hard/crti.o
LOAD /media/kaushik/localDiskB/MasteringMCU/systemWorkbench/plugins/fr.ac6.mcu.externaltools.arm-none.linux64_1.17.0.201812190825/tools/compiler/bin/../lib/gcc/arm-none-eabi/7.3.1/thumb/v7e-m/fpv4-sp/hard/crtbegin.o
LOAD /media/kaushik/localDiskB/MasteringMCU/systemWorkbench/plugins/fr.ac6.mcu.externaltools.arm-none.linux64_1.17.0.201812190825/tools/compiler/bin/../lib/gcc/arm-none-eabi/7.3.1/../../../../arm-none-eabi/lib/thumb/v7e-m/fpv4-sp/hard/crt0.o
LOAD Drivers/STM32F4xx_HAL_Driver/Src/stm32f4xx_hal.o
LOAD Drivers/STM32F4xx_HAL_Driver/Src/stm32f4xx_hal_cortex.o
LOAD Drivers/STM32F4xx_HAL_Driver/Src/stm32f4xx_hal_dma.o
LOAD Drivers/STM32F4xx_HAL_Driver/Src/stm32f4xx_hal_dma_ex.o
LOAD Drivers/STM32F4xx_HAL_Driver/Src/stm32f4xx_hal_exti.o
LOAD Drivers/STM32F4xx_HAL_Driver/Src/stm32f4xx_hal_flash.o
LOAD Drivers/STM32F4xx_HAL_Driver/Src/stm32f4xx_hal_flash_ex.o
LOAD Drivers/STM32F4xx_HAL_Driver/Src/stm32f4xx_hal_flash_ramfunc.o
LOAD Drivers/STM32F4xx_HAL_Driver/Src/stm32f4xx_hal_gpio.o
LOAD Drivers/STM32F4xx_HAL_Driver/Src/stm32f4xx_hal_hcd.o
LOAD Drivers/STM32F4xx_HAL_Driver/Src/stm32f4xx_hal_i2c.o
LOAD Drivers/STM32F4xx_HAL_Driver/Src/stm32f4xx_hal_i2c_ex.o
LOAD Drivers/STM32F4xx_HAL_Driver/Src/stm32f4xx_hal_i2s.o
LOAD Drivers/STM32F4xx_HAL_Driver/Src/stm32f4xx_hal_i2s_ex.o
LOAD Drivers/STM32F4xx_HAL_Driver/Src/stm32f4xx_hal_pwr.o
LOAD Drivers/STM32F4xx_HAL_Driver/Src/stm32f4xx_hal_pwr_ex.o
LOAD Drivers/STM32F4xx_HAL_Driver/Src/stm32f4xx_hal_rcc.o
LOAD Drivers/STM32F4xx_HAL_Driver/Src/stm32f4xx_hal_rcc_ex.o
LOAD Drivers/STM32F4xx_HAL_Driver/Src/stm32f4xx_hal_spi.o
LOAD Drivers/STM32F4xx_HAL_Driver/Src/stm32f4xx_hal_tim.o
LOAD Drivers/STM32F4xx_HAL_Driver/Src/stm32f4xx_hal_tim_ex.o
LOAD Drivers/STM32F4xx_HAL_Driver/Src/stm32f4xx_ll_usb.o
LOAD Middlewares/ST/STM32_USB_Host_Library/Class/CDC/Src/usbh_cdc.o
LOAD Middlewares/ST/STM32_USB_Host_Library/Core/Src/usbh_core.o
LOAD Middlewares/ST/STM32_USB_Host_Library/Core/Src/usbh_ctlreq.o
LOAD Middlewares/ST/STM32_USB_Host_Library/Core/Src/usbh_ioreq.o
LOAD Middlewares/ST/STM32_USB_Host_Library/Core/Src/usbh_pipes.o
LOAD Src/main.o
LOAD Src/stm32f4xx_hal_msp.o
LOAD Src/stm32f4xx_it.o
LOAD Src/syscalls.o
LOAD Src/system_stm32f4xx.o
LOAD Src/usb_host.o
LOAD Src/usbh_conf.o
LOAD Src/usbh_platform.o
LOAD startup/startup_stm32f407xx.o
LOAD /media/kaushik/localDiskB/MasteringMCU/systemWorkbench/plugins/fr.ac6.mcu.externaltools.arm-none.linux64_1.17.0.201812190825/tools/compiler/bin/../lib/gcc/arm-none-eabi/7.3.1/../../../../arm-none-eabi/lib/thumb/v7e-m/fpv4-sp/hard/libm.a
START GROUP
LOAD /media/kaushik/localDiskB/MasteringMCU/systemWorkbench/plugins/fr.ac6.mcu.externaltools.arm-none.linux64_1.17.0.201812190825/tools/compiler/bin/../lib/gcc/arm-none-eabi/7.3.1/thumb/v7e-m/fpv4-sp/hard/libgcc.a
LOAD /media/kaushik/localDiskB/MasteringMCU/systemWorkbench/plugins/fr.ac6.mcu.externaltools.arm-none.linux64_1.17.0.201812190825/tools/compiler/bin/../lib/gcc/arm-none-eabi/7.3.1/../../../../arm-none-eabi/lib/thumb/v7e-m/fpv4-sp/hard/libc_nano.a
END GROUP
START GROUP
LOAD /media/kaushik/localDiskB/MasteringMCU/systemWorkbench/plugins/fr.ac6.mcu.externaltools.arm-none.linux64_1.17.0.201812190825/tools/compiler/bin/../lib/gcc/arm-none-eabi/7.3.1/thumb/v7e-m/fpv4-sp/hard/libgcc.a
LOAD /media/kaushik/localDiskB/MasteringMCU/systemWorkbench/plugins/fr.ac6.mcu.externaltools.arm-none.linux64_1.17.0.201812190825/tools/compiler/bin/../lib/gcc/arm-none-eabi/7.3.1/../../../../arm-none-eabi/lib/thumb/v7e-m/fpv4-sp/hard/libc_nano.a
LOAD /media/kaushik/localDiskB/MasteringMCU/systemWorkbench/plugins/fr.ac6.mcu.externaltools.arm-none.linux64_1.17.0.201812190825/tools/compiler/bin/../lib/gcc/arm-none-eabi/7.3.1/../../../../arm-none-eabi/lib/thumb/v7e-m/fpv4-sp/hard/libnosys.a
END GROUP
START GROUP
LOAD /media/kaushik/localDiskB/MasteringMCU/systemWorkbench/plugins/fr.ac6.mcu.externaltools.arm-none.linux64_1.17.0.201812190825/tools/compiler/bin/../lib/gcc/arm-none-eabi/7.3.1/thumb/v7e-m/fpv4-sp/hard/libgcc.a
LOAD /media/kaushik/localDiskB/MasteringMCU/systemWorkbench/plugins/fr.ac6.mcu.externaltools.arm-none.linux64_1.17.0.201812190825/tools/compiler/bin/../lib/gcc/arm-none-eabi/7.3.1/../../../../arm-none-eabi/lib/thumb/v7e-m/fpv4-sp/hard/libc_nano.a
LOAD /media/kaushik/localDiskB/MasteringMCU/systemWorkbench/plugins/fr.ac6.mcu.externaltools.arm-none.linux64_1.17.0.201812190825/tools/compiler/bin/../lib/gcc/arm-none-eabi/7.3.1/../../../../arm-none-eabi/lib/thumb/v7e-m/fpv4-sp/hard/libnosys.a
END GROUP
LOAD /media/kaushik/localDiskB/MasteringMCU/systemWorkbench/plugins/fr.ac6.mcu.externaltools.arm-none.linux64_1.17.0.201812190825/tools/compiler/bin/../lib/gcc/arm-none-eabi/7.3.1/thumb/v7e-m/fpv4-sp/hard/crtend.o
LOAD /media/kaushik/localDiskB/MasteringMCU/systemWorkbench/plugins/fr.ac6.mcu.externaltools.arm-none.linux64_1.17.0.201812190825/tools/compiler/bin/../lib/gcc/arm-none-eabi/7.3.1/thumb/v7e-m/fpv4-sp/hard/crtn.o
                0x0000000020020000                _estack = 0x20020000
                0x0000000000000200                _Min_Heap_Size = 0x200
                0x0000000000000400                _Min_Stack_Size = 0x400

.isr_vector     0x0000000008000000      0x188
                0x0000000008000000                . = ALIGN (0x4)
 *(.isr_vector)
 .isr_vector    0x0000000008000000      0x188 startup/startup_stm32f407xx.o
                0x0000000008000000                g_pfnVectors
                0x0000000008000188                . = ALIGN (0x4)

.text           0x0000000008000188     0x43c0
                0x0000000008000188                . = ALIGN (0x4)
 *(.text)
 .text          0x0000000008000188       0x40 /media/kaushik/localDiskB/MasteringMCU/systemWorkbench/plugins/fr.ac6.mcu.externaltools.arm-none.linux64_1.17.0.201812190825/tools/compiler/bin/../lib/gcc/arm-none-eabi/7.3.1/thumb/v7e-m/fpv4-sp/hard/crtbegin.o
 .text          0x00000000080001c8       0x30 /media/kaushik/localDiskB/MasteringMCU/systemWorkbench/plugins/fr.ac6.mcu.externaltools.arm-none.linux64_1.17.0.201812190825/tools/compiler/bin/../lib/gcc/arm-none-eabi/7.3.1/thumb/v7e-m/fpv4-sp/hard/libgcc.a(_aeabi_uldivmod.o)
                0x00000000080001c8                __aeabi_uldivmod
 .text          0x00000000080001f8      0x2cc /media/kaushik/localDiskB/MasteringMCU/systemWorkbench/plugins/fr.ac6.mcu.externaltools.arm-none.linux64_1.17.0.201812190825/tools/compiler/bin/../lib/gcc/arm-none-eabi/7.3.1/thumb/v7e-m/fpv4-sp/hard/libgcc.a(_udivmoddi4.o)
                0x00000000080001f8                __udivmoddi4
 .text          0x00000000080004c4        0x4 /media/kaushik/localDiskB/MasteringMCU/systemWorkbench/plugins/fr.ac6.mcu.externaltools.arm-none.linux64_1.17.0.201812190825/tools/compiler/bin/../lib/gcc/arm-none-eabi/7.3.1/thumb/v7e-m/fpv4-sp/hard/libgcc.a(_dvmd_tls.o)
                0x00000000080004c4                __aeabi_ldiv0
                0x00000000080004c4                __aeabi_idiv0
 *(.text*)
 .text.HAL_InitTick
                0x00000000080004c8       0x48 Drivers/STM32F4xx_HAL_Driver/Src/stm32f4xx_hal.o
                0x00000000080004c8                HAL_InitTick
 .text.HAL_Init
                0x0000000008000510       0x34 Drivers/STM32F4xx_HAL_Driver/Src/stm32f4xx_hal.o
                0x0000000008000510                HAL_Init
 .text.HAL_IncTick
                0x0000000008000544       0x18 Drivers/STM32F4xx_HAL_Driver/Src/stm32f4xx_hal.o
                0x0000000008000544                HAL_IncTick
 .text.HAL_GetTick
                0x000000000800055c        0xc Drivers/STM32F4xx_HAL_Driver/Src/stm32f4xx_hal.o
                0x000000000800055c                HAL_GetTick
 .text.HAL_Delay
                0x0000000008000568       0x28 Drivers/STM32F4xx_HAL_Driver/Src/stm32f4xx_hal.o
                0x0000000008000568                HAL_Delay
 .text.HAL_NVIC_SetPriorityGrouping
                0x0000000008000590       0x24 Drivers/STM32F4xx_HAL_Driver/Src/stm32f4xx_hal_cortex.o
                0x0000000008000590                HAL_NVIC_SetPriorityGrouping
 .text.HAL_NVIC_SetPriority
                0x00000000080005b4       0x68 Drivers/STM32F4xx_HAL_Driver/Src/stm32f4xx_hal_cortex.o
                0x00000000080005b4                HAL_NVIC_SetPriority
 .text.HAL_NVIC_EnableIRQ
                0x000000000800061c       0x1c Drivers/STM32F4xx_HAL_Driver/Src/stm32f4xx_hal_cortex.o
                0x000000000800061c                HAL_NVIC_EnableIRQ
 .text.HAL_SYSTICK_Config
                0x0000000008000638       0x2c Drivers/STM32F4xx_HAL_Driver/Src/stm32f4xx_hal_cortex.o
                0x0000000008000638                HAL_SYSTICK_Config
 .text.HAL_GPIO_Init
                0x0000000008000664      0x1c8 Drivers/STM32F4xx_HAL_Driver/Src/stm32f4xx_hal_gpio.o
                0x0000000008000664                HAL_GPIO_Init
 .text.HAL_GPIO_WritePin
                0x000000000800082c        0xc Drivers/STM32F4xx_HAL_Driver/Src/stm32f4xx_hal_gpio.o
                0x000000000800082c                HAL_GPIO_WritePin
 .text.HAL_GPIO_EXTI_Callback
                0x0000000008000838        0x2 Drivers/STM32F4xx_HAL_Driver/Src/stm32f4xx_hal_gpio.o
                0x0000000008000838                HAL_GPIO_EXTI_Callback
 *fill*         0x000000000800083a        0x2 
 .text.HAL_GPIO_EXTI_IRQHandler
                0x000000000800083c       0x1c Drivers/STM32F4xx_HAL_Driver/Src/stm32f4xx_hal_gpio.o
                0x000000000800083c                HAL_GPIO_EXTI_IRQHandler
 .text.HCD_RXQLVL_IRQHandler
                0x0000000008000858       0x7c Drivers/STM32F4xx_HAL_Driver/Src/stm32f4xx_hal_hcd.o
 .text.HAL_HCD_HC_Init
                0x00000000080008d4       0xa0 Drivers/STM32F4xx_HAL_Driver/Src/stm32f4xx_hal_hcd.o
                0x00000000080008d4                HAL_HCD_HC_Init
 .text.HAL_HCD_HC_Halt
                0x0000000008000974       0x24 Drivers/STM32F4xx_HAL_Driver/Src/stm32f4xx_hal_hcd.o
                0x0000000008000974                HAL_HCD_HC_Halt
 .text.HAL_HCD_Init
                0x0000000008000998       0x94 Drivers/STM32F4xx_HAL_Driver/Src/stm32f4xx_hal_hcd.o
                0x0000000008000998                HAL_HCD_Init
 .text.HAL_HCD_HC_SubmitRequest
                0x0000000008000a2c      0x18e Drivers/STM32F4xx_HAL_Driver/Src/stm32f4xx_hal_hcd.o
                0x0000000008000a2c                HAL_HCD_HC_SubmitRequest
 .text.HCD_Port_IRQHandler
                0x0000000008000bba       0xd4 Drivers/STM32F4xx_HAL_Driver/Src/stm32f4xx_hal_hcd.o
 .text.HCD_HC_IN_IRQHandler
                0x0000000008000c8e      0x2bc Drivers/STM32F4xx_HAL_Driver/Src/stm32f4xx_hal_hcd.o
 .text.HCD_HC_OUT_IRQHandler
                0x0000000008000f4a      0x2b4 Drivers/STM32F4xx_HAL_Driver/Src/stm32f4xx_hal_hcd.o
 .text.HAL_HCD_IRQHandler
                0x00000000080011fe      0x148 Drivers/STM32F4xx_HAL_Driver/Src/stm32f4xx_hal_hcd.o
                0x00000000080011fe                HAL_HCD_IRQHandler
 .text.HAL_HCD_Start
                0x0000000008001346       0x2c Drivers/STM32F4xx_HAL_Driver/Src/stm32f4xx_hal_hcd.o
                0x0000000008001346                HAL_HCD_Start
 .text.HAL_HCD_Stop
                0x0000000008001372       0x24 Drivers/STM32F4xx_HAL_Driver/Src/stm32f4xx_hal_hcd.o
                0x0000000008001372                HAL_HCD_Stop
 .text.HAL_HCD_ResetPort
                0x0000000008001396        0xa Drivers/STM32F4xx_HAL_Driver/Src/stm32f4xx_hal_hcd.o
                0x0000000008001396                HAL_HCD_ResetPort
 .text.HAL_HCD_HC_GetURBState
                0x00000000080013a0        0xe Drivers/STM32F4xx_HAL_Driver/Src/stm32f4xx_hal_hcd.o
                0x00000000080013a0                HAL_HCD_HC_GetURBState
 .text.HAL_HCD_HC_GetXferCount
                0x00000000080013ae        0xc Drivers/STM32F4xx_HAL_Driver/Src/stm32f4xx_hal_hcd.o
                0x00000000080013ae                HAL_HCD_HC_GetXferCount
 .text.HAL_HCD_GetCurrentFrame
                0x00000000080013ba        0xa Drivers/STM32F4xx_HAL_Driver/Src/stm32f4xx_hal_hcd.o
                0x00000000080013ba                HAL_HCD_GetCurrentFrame
 .text.HAL_HCD_GetCurrentSpeed
                0x00000000080013c4        0xa Drivers/STM32F4xx_HAL_Driver/Src/stm32f4xx_hal_hcd.o
                0x00000000080013c4                HAL_HCD_GetCurrentSpeed
 *fill*         0x00000000080013ce        0x2 
 .text.HAL_I2C_Init
                0x00000000080013d0      0x1a0 Drivers/STM32F4xx_HAL_Driver/Src/stm32f4xx_hal_i2c.o
                0x00000000080013d0                HAL_I2C_Init
 .text.HAL_I2S_Init
                0x0000000008001570      0x19c Drivers/STM32F4xx_HAL_Driver/Src/stm32f4xx_hal_i2s.o
                0x0000000008001570                HAL_I2S_Init
 .text.HAL_I2S_TxCpltCallback
                0x000000000800170c        0x2 Drivers/STM32F4xx_HAL_Driver/Src/stm32f4xx_hal_i2s.o
                0x000000000800170c                HAL_I2S_TxCpltCallback
 .text.I2S_Transmit_IT
                0x000000000800170e       0x36 Drivers/STM32F4xx_HAL_Driver/Src/stm32f4xx_hal_i2s.o
 .text.HAL_I2S_RxCpltCallback
                0x0000000008001744        0x2 Drivers/STM32F4xx_HAL_Driver/Src/stm32f4xx_hal_i2s.o
                0x0000000008001744                HAL_I2S_RxCpltCallback
 .text.I2S_Receive_IT
                0x0000000008001746       0x36 Drivers/STM32F4xx_HAL_Driver/Src/stm32f4xx_hal_i2s.o
 .text.HAL_I2S_ErrorCallback
                0x000000000800177c        0x2 Drivers/STM32F4xx_HAL_Driver/Src/stm32f4xx_hal_i2s.o
                0x000000000800177c                HAL_I2S_ErrorCallback
 .text.I2S_IRQHandler
                0x000000000800177e       0xd0 Drivers/STM32F4xx_HAL_Driver/Src/stm32f4xx_hal_i2s.o
 .text.HAL_I2SEx_TxRxCpltCallback
                0x000000000800184e        0x2 Drivers/STM32F4xx_HAL_Driver/Src/stm32f4xx_hal_i2s_ex.o
                0x000000000800184e                HAL_I2SEx_TxRxCpltCallback
 .text.I2SEx_TxISR_I2S
                0x0000000008001850       0x3a Drivers/STM32F4xx_HAL_Driver/Src/stm32f4xx_hal_i2s_ex.o
 *fill*         0x000000000800188a        0x2 
 .text.I2SEx_RxISR_I2SExt
                0x000000000800188c       0x60 Drivers/STM32F4xx_HAL_Driver/Src/stm32f4xx_hal_i2s_ex.o
 .text.I2SEx_TxISR_I2SExt
                0x00000000080018ec       0x60 Drivers/STM32F4xx_HAL_Driver/Src/stm32f4xx_hal_i2s_ex.o
 .text.I2SEx_RxISR_I2S
                0x000000000800194c       0x3a Drivers/STM32F4xx_HAL_Driver/Src/stm32f4xx_hal_i2s_ex.o
 *fill*         0x0000000008001986        0x2 
 .text.HAL_I2SEx_FullDuplex_IRQHandler
                0x0000000008001988      0x1d8 Drivers/STM32F4xx_HAL_Driver/Src/stm32f4xx_hal_i2s_ex.o
                0x0000000008001988                HAL_I2SEx_FullDuplex_IRQHandler
 .text.HAL_RCC_OscConfig
                0x0000000008001b60      0x398 Drivers/STM32F4xx_HAL_Driver/Src/stm32f4xx_hal_rcc.o
                0x0000000008001b60                HAL_RCC_OscConfig
 .text.HAL_RCC_GetSysClockFreq
                0x0000000008001ef8       0xd8 Drivers/STM32F4xx_HAL_Driver/Src/stm32f4xx_hal_rcc.o
                0x0000000008001ef8                HAL_RCC_GetSysClockFreq
 .text.HAL_RCC_ClockConfig
                0x0000000008001fd0      0x158 Drivers/STM32F4xx_HAL_Driver/Src/stm32f4xx_hal_rcc.o
                0x0000000008001fd0                HAL_RCC_ClockConfig
 .text.HAL_RCC_GetHCLKFreq
                0x0000000008002128        0xc Drivers/STM32F4xx_HAL_Driver/Src/stm32f4xx_hal_rcc.o
                0x0000000008002128                HAL_RCC_GetHCLKFreq
 .text.HAL_RCC_GetPCLK1Freq
                0x0000000008002134       0x20 Drivers/STM32F4xx_HAL_Driver/Src/stm32f4xx_hal_rcc.o
                0x0000000008002134                HAL_RCC_GetPCLK1Freq
 .text.HAL_RCCEx_PeriphCLKConfig
                0x0000000008002154      0x154 Drivers/STM32F4xx_HAL_Driver/Src/stm32f4xx_hal_rcc_ex.o
                0x0000000008002154                HAL_RCCEx_PeriphCLKConfig
 .text.HAL_RCCEx_GetPeriphCLKFreq
                0x00000000080022a8       0x74 Drivers/STM32F4xx_HAL_Driver/Src/stm32f4xx_hal_rcc_ex.o
                0x00000000080022a8                HAL_RCCEx_GetPeriphCLKFreq
 .text.HAL_SPI_Init
                0x000000000800231c       0x80 Drivers/STM32F4xx_HAL_Driver/Src/stm32f4xx_hal_spi.o
                0x000000000800231c                HAL_SPI_Init
 .text.USB_CoreReset
                0x000000000800239c       0x3c Drivers/STM32F4xx_HAL_Driver/Src/stm32f4xx_ll_usb.o
 .text.USB_CoreInit
                0x00000000080023d8       0x8a Drivers/STM32F4xx_HAL_Driver/Src/stm32f4xx_ll_usb.o
                0x00000000080023d8                USB_CoreInit
 .text.USB_EnableGlobalInt
                0x0000000008002462        0xc Drivers/STM32F4xx_HAL_Driver/Src/stm32f4xx_ll_usb.o
                0x0000000008002462                USB_EnableGlobalInt
 .text.USB_DisableGlobalInt
                0x000000000800246e        0xc Drivers/STM32F4xx_HAL_Driver/Src/stm32f4xx_ll_usb.o
                0x000000000800246e                USB_DisableGlobalInt
 .text.USB_SetCurrentMode
                0x000000000800247a       0x30 Drivers/STM32F4xx_HAL_Driver/Src/stm32f4xx_ll_usb.o
                0x000000000800247a                USB_SetCurrentMode
 *fill*         0x00000000080024aa        0x2 
 .text.USB_FlushTxFifo
                0x00000000080024ac       0x28 Drivers/STM32F4xx_HAL_Driver/Src/stm32f4xx_ll_usb.o
                0x00000000080024ac                USB_FlushTxFifo
 .text.USB_FlushRxFifo
                0x00000000080024d4       0x24 Drivers/STM32F4xx_HAL_Driver/Src/stm32f4xx_ll_usb.o
                0x00000000080024d4                USB_FlushRxFifo
 .text.USB_WritePacket
                0x00000000080024f8       0x28 Drivers/STM32F4xx_HAL_Driver/Src/stm32f4xx_ll_usb.o
                0x00000000080024f8                USB_WritePacket
 .text.USB_ReadPacket
                0x0000000008002520       0x28 Drivers/STM32F4xx_HAL_Driver/Src/stm32f4xx_ll_usb.o
                0x0000000008002520                USB_ReadPacket
 .text.USB_ReadInterrupts
                0x0000000008002548        0x8 Drivers/STM32F4xx_HAL_Driver/Src/stm32f4xx_ll_usb.o
                0x0000000008002548                USB_ReadInterrupts
 .text.USB_GetMode
                0x0000000008002550        0x8 Drivers/STM32F4xx_HAL_Driver/Src/stm32f4xx_ll_usb.o
                0x0000000008002550                USB_GetMode
 .text.USB_InitFSLSPClkSel
                0x0000000008002558       0x40 Drivers/STM32F4xx_HAL_Driver/Src/stm32f4xx_ll_usb.o
                0x0000000008002558                USB_InitFSLSPClkSel
 .text.USB_ResetPort
                0x0000000008002598       0x3e Drivers/STM32F4xx_HAL_Driver/Src/stm32f4xx_ll_usb.o
                0x0000000008002598                USB_ResetPort
 .text.USB_DriveVbus
                0x00000000080025d6       0x46 Drivers/STM32F4xx_HAL_Driver/Src/stm32f4xx_ll_usb.o
                0x00000000080025d6                USB_DriveVbus
 .text.USB_HostInit
                0x000000000800261c       0xfc Drivers/STM32F4xx_HAL_Driver/Src/stm32f4xx_ll_usb.o
                0x000000000800261c                USB_HostInit
 .text.USB_GetHostSpeed
                0x0000000008002718       0x16 Drivers/STM32F4xx_HAL_Driver/Src/stm32f4xx_ll_usb.o
                0x0000000008002718                USB_GetHostSpeed
 .text.USB_GetCurrentFrame
                0x000000000800272e        0xa Drivers/STM32F4xx_HAL_Driver/Src/stm32f4xx_ll_usb.o
                0x000000000800272e                USB_GetCurrentFrame
 .text.USB_HC_Init
                0x0000000008002738      0x108 Drivers/STM32F4xx_HAL_Driver/Src/stm32f4xx_ll_usb.o
                0x0000000008002738                USB_HC_Init
 .text.USB_HC_ReadInterrupt
                0x0000000008002840        0xa Drivers/STM32F4xx_HAL_Driver/Src/stm32f4xx_ll_usb.o
                0x0000000008002840                USB_HC_ReadInterrupt
 .text.USB_HC_Halt
                0x000000000800284a       0xd0 Drivers/STM32F4xx_HAL_Driver/Src/stm32f4xx_ll_usb.o
                0x000000000800284a                USB_HC_Halt
 *fill*         0x000000000800291a        0x2 
 .text.USB_DoPing
                0x000000000800291c       0x24 Drivers/STM32F4xx_HAL_Driver/Src/stm32f4xx_ll_usb.o
                0x000000000800291c                USB_DoPing
 .text.USB_HC_StartXfer
                0x0000000008002940      0x158 Drivers/STM32F4xx_HAL_Driver/Src/stm32f4xx_ll_usb.o
                0x0000000008002940                USB_HC_StartXfer
 .text.USB_StopHost
                0x0000000008002a98       0x7e Drivers/STM32F4xx_HAL_Driver/Src/stm32f4xx_ll_usb.o
                0x0000000008002a98                USB_StopHost
 .text.USBH_CDC_SOFProcess
                0x0000000008002b16        0x4 Middlewares/ST/STM32_USB_Host_Library/Class/CDC/Src/usbh_cdc.o
 .text.SetLineCoding
                0x0000000008002b1a       0x1a Middlewares/ST/STM32_USB_Host_Library/Class/CDC/Src/usbh_cdc.o
 .text.GetLineCoding
                0x0000000008002b34       0x1a Middlewares/ST/STM32_USB_Host_Library/Class/CDC/Src/usbh_cdc.o
 .text.USBH_CDC_ClassRequest
                0x0000000008002b4e       0x22 Middlewares/ST/STM32_USB_Host_Library/Class/CDC/Src/usbh_cdc.o
 .text.USBH_CDC_InterfaceDeInit
                0x0000000008002b70       0x68 Middlewares/ST/STM32_USB_Host_Library/Class/CDC/Src/usbh_cdc.o
 .text.USBH_CDC_InterfaceInit
                0x0000000008002bd8      0x160 Middlewares/ST/STM32_USB_Host_Library/Class/CDC/Src/usbh_cdc.o
 .text.USBH_CDC_TransmitCallback
                0x0000000008002d38        0x2 Middlewares/ST/STM32_USB_Host_Library/Class/CDC/Src/usbh_cdc.o
                0x0000000008002d38                USBH_CDC_TransmitCallback
 .text.CDC_ProcessTransmission
                0x0000000008002d3a       0x94 Middlewares/ST/STM32_USB_Host_Library/Class/CDC/Src/usbh_cdc.o
 .text.USBH_CDC_ReceiveCallback
                0x0000000008002dce        0x2 Middlewares/ST/STM32_USB_Host_Library/Class/CDC/Src/usbh_cdc.o
                0x0000000008002dce                USBH_CDC_ReceiveCallback
 .text.CDC_ProcessReception
                0x0000000008002dd0       0x68 Middlewares/ST/STM32_USB_Host_Library/Class/CDC/Src/usbh_cdc.o
 .text.USBH_CDC_LineCodingChanged
                0x0000000008002e38        0x2 Middlewares/ST/STM32_USB_Host_Library/Class/CDC/Src/usbh_cdc.o
                0x0000000008002e38                USBH_CDC_LineCodingChanged
 .text.USBH_CDC_Process
                0x0000000008002e3a       0xb8 Middlewares/ST/STM32_USB_Host_Library/Class/CDC/Src/usbh_cdc.o
 .text.DeInitStateMachine
                0x0000000008002ef2       0x4a Middlewares/ST/STM32_USB_Host_Library/Core/Src/usbh_core.o
 .text.USBH_HandleSof
                0x0000000008002f3c       0x1a Middlewares/ST/STM32_USB_Host_Library/Core/Src/usbh_core.o
 .text.USBH_HandleEnum
                0x0000000008002f56      0x16e Middlewares/ST/STM32_USB_Host_Library/Core/Src/usbh_core.o
 .text.USBH_Init
                0x00000000080030c4       0x2e Middlewares/ST/STM32_USB_Host_Library/Core/Src/usbh_core.o
                0x00000000080030c4                USBH_Init
 .text.USBH_RegisterClass
                0x00000000080030f2       0x24 Middlewares/ST/STM32_USB_Host_Library/Core/Src/usbh_core.o
                0x00000000080030f2                USBH_RegisterClass
 .text.USBH_SelectInterface
                0x0000000008003116       0x14 Middlewares/ST/STM32_USB_Host_Library/Core/Src/usbh_core.o
                0x0000000008003116                USBH_SelectInterface
 .text.USBH_FindInterface
                0x000000000800312a       0x50 Middlewares/ST/STM32_USB_Host_Library/Core/Src/usbh_core.o
                0x000000000800312a                USBH_FindInterface
 .text.USBH_Start
                0x000000000800317a       0x14 Middlewares/ST/STM32_USB_Host_Library/Core/Src/usbh_core.o
                0x000000000800317a                USBH_Start
 .text.USBH_LL_SetTimer
                0x000000000800318e        0x6 Middlewares/ST/STM32_USB_Host_Library/Core/Src/usbh_core.o
                0x000000000800318e                USBH_LL_SetTimer
 .text.USBH_LL_IncTimer
                0x0000000008003194       0x12 Middlewares/ST/STM32_USB_Host_Library/Core/Src/usbh_core.o
                0x0000000008003194                USBH_LL_IncTimer
 .text.USBH_LL_PortEnabled
                0x00000000080031a6        0x8 Middlewares/ST/STM32_USB_Host_Library/Core/Src/usbh_core.o
                0x00000000080031a6                USBH_LL_PortEnabled
 .text.USBH_LL_PortDisabled
                0x00000000080031ae        0x8 Middlewares/ST/STM32_USB_Host_Library/Core/Src/usbh_core.o
                0x00000000080031ae                USBH_LL_PortDisabled
 .text.USBH_IsPortEnabled
                0x00000000080031b6        0x6 Middlewares/ST/STM32_USB_Host_Library/Core/Src/usbh_core.o
                0x00000000080031b6                USBH_IsPortEnabled
 .text.USBH_Process
                0x00000000080031bc      0x1ec Middlewares/ST/STM32_USB_Host_Library/Core/Src/usbh_core.o
                0x00000000080031bc                USBH_Process
 .text.USBH_LL_Connect
                0x00000000080033a8       0x28 Middlewares/ST/STM32_USB_Host_Library/Core/Src/usbh_core.o
                0x00000000080033a8                USBH_LL_Connect
 .text.USBH_LL_Disconnect
                0x00000000080033d0       0x38 Middlewares/ST/STM32_USB_Host_Library/Core/Src/usbh_core.o
                0x00000000080033d0                USBH_LL_Disconnect
 .text.USBH_ParseDevDesc
                0x0000000008003408       0x5c Middlewares/ST/STM32_USB_Host_Library/Core/Src/usbh_ctlreq.o
 .text.USBH_ParseInterfaceDesc
                0x0000000008003464       0x26 Middlewares/ST/STM32_USB_Host_Library/Core/Src/usbh_ctlreq.o
 .text.USBH_ParseEPDesc
                0x000000000800348a       0x20 Middlewares/ST/STM32_USB_Host_Library/Core/Src/usbh_ctlreq.o
 .text.USBH_ParseStringDesc
                0x00000000080034aa       0x3c Middlewares/ST/STM32_USB_Host_Library/Core/Src/usbh_ctlreq.o
 .text.USBH_HandleControl
                0x00000000080034e6      0x1d0 Middlewares/ST/STM32_USB_Host_Library/Core/Src/usbh_ctlreq.o
 .text.USBH_GetNextDesc
                0x00000000080036b6        0xe Middlewares/ST/STM32_USB_Host_Library/Core/Src/usbh_ctlreq.o
                0x00000000080036b6                USBH_GetNextDesc
 .text.USBH_ParseCfgDesc
                0x00000000080036c4       0xc2 Middlewares/ST/STM32_USB_Host_Library/Core/Src/usbh_ctlreq.o
 .text.USBH_CtlReq
                0x0000000008003786       0x4e Middlewares/ST/STM32_USB_Host_Library/Core/Src/usbh_ctlreq.o
                0x0000000008003786                USBH_CtlReq
 .text.USBH_GetDescriptor
                0x00000000080037d4       0x3c Middlewares/ST/STM32_USB_Host_Library/Core/Src/usbh_ctlreq.o
                0x00000000080037d4                USBH_GetDescriptor
 .text.USBH_Get_DevDesc
                0x0000000008003810       0x32 Middlewares/ST/STM32_USB_Host_Library/Core/Src/usbh_ctlreq.o
                0x0000000008003810                USBH_Get_DevDesc
 .text.USBH_Get_CfgDesc
                0x0000000008003842       0x32 Middlewares/ST/STM32_USB_Host_Library/Core/Src/usbh_ctlreq.o
                0x0000000008003842                USBH_Get_CfgDesc
 .text.USBH_Get_StringDesc
                0x0000000008003874       0x30 Middlewares/ST/STM32_USB_Host_Library/Core/Src/usbh_ctlreq.o
                0x0000000008003874                USBH_Get_StringDesc
 .text.USBH_SetAddress
                0x00000000080038a4       0x22 Middlewares/ST/STM32_USB_Host_Library/Core/Src/usbh_ctlreq.o
                0x00000000080038a4                USBH_SetAddress
 .text.USBH_SetCfg
                0x00000000080038c6       0x22 Middlewares/ST/STM32_USB_Host_Library/Core/Src/usbh_ctlreq.o
                0x00000000080038c6                USBH_SetCfg
 .text.USBH_SetFeature
                0x00000000080038e8       0x22 Middlewares/ST/STM32_USB_Host_Library/Core/Src/usbh_ctlreq.o
                0x00000000080038e8                USBH_SetFeature
 .text.USBH_ClrFeature
                0x000000000800390a       0x24 Middlewares/ST/STM32_USB_Host_Library/Core/Src/usbh_ctlreq.o
                0x000000000800390a                USBH_ClrFeature
 .text.USBH_CtlSendSetup
                0x000000000800392e       0x22 Middlewares/ST/STM32_USB_Host_Library/Core/Src/usbh_ioreq.o
                0x000000000800392e                USBH_CtlSendSetup
 .text.USBH_CtlSendData
                0x0000000008003950       0x2c Middlewares/ST/STM32_USB_Host_Library/Core/Src/usbh_ioreq.o
                0x0000000008003950                USBH_CtlSendData
 .text.USBH_CtlReceiveData
                0x000000000800397c       0x20 Middlewares/ST/STM32_USB_Host_Library/Core/Src/usbh_ioreq.o
                0x000000000800397c                USBH_CtlReceiveData
 .text.USBH_BulkSendData
                0x000000000800399c       0x2c Middlewares/ST/STM32_USB_Host_Library/Core/Src/usbh_ioreq.o
                0x000000000800399c                USBH_BulkSendData
 .text.USBH_BulkReceiveData
                0x00000000080039c8       0x20 Middlewares/ST/STM32_USB_Host_Library/Core/Src/usbh_ioreq.o
                0x00000000080039c8                USBH_BulkReceiveData
 .text.USBH_GetFreePipe
                0x00000000080039e8       0x24 Middlewares/ST/STM32_USB_Host_Library/Core/Src/usbh_pipes.o
 .text.USBH_OpenPipe
                0x0000000008003a0c       0x20 Middlewares/ST/STM32_USB_Host_Library/Core/Src/usbh_pipes.o
                0x0000000008003a0c                USBH_OpenPipe
 .text.USBH_ClosePipe
                0x0000000008003a2c        0xa Middlewares/ST/STM32_USB_Host_Library/Core/Src/usbh_pipes.o
                0x0000000008003a2c                USBH_ClosePipe
 .text.USBH_AllocPipe
                0x0000000008003a36       0x22 Middlewares/ST/STM32_USB_Host_Library/Core/Src/usbh_pipes.o
                0x0000000008003a36                USBH_AllocPipe
 .text.USBH_FreePipe
                0x0000000008003a58       0x16 Middlewares/ST/STM32_USB_Host_Library/Core/Src/usbh_pipes.o
                0x0000000008003a58                USBH_FreePipe
 *fill*         0x0000000008003a6e        0x2 
 .text.MX_GPIO_Init
                0x0000000008003a70      0x198 Src/main.o
 .text.MX_I2C1_Init
                0x0000000008003c08       0x34 Src/main.o
 .text.MX_I2S3_Init
                0x0000000008003c3c       0x34 Src/main.o
 .text.MX_SPI1_Init
                0x0000000008003c70       0x38 Src/main.o
 .text.SystemClock_Config
                0x0000000008003ca8       0xb8 Src/main.o
                0x0000000008003ca8                SystemClock_Config
 .text.main     0x0000000008003d60       0x24 Src/main.o
                0x0000000008003d60                main
 .text.Error_Handler
                0x0000000008003d84        0x2 Src/main.o
                0x0000000008003d84                Error_Handler
 *fill*         0x0000000008003d86        0x2 
 .text.HAL_MspInit
                0x0000000008003d88       0x40 Src/stm32f4xx_hal_msp.o
                0x0000000008003d88                HAL_MspInit
 .text.HAL_I2C_MspInit
                0x0000000008003dc8       0x70 Src/stm32f4xx_hal_msp.o
                0x0000000008003dc8                HAL_I2C_MspInit
 .text.HAL_I2S_MspInit
                0x0000000008003e38       0x98 Src/stm32f4xx_hal_msp.o
                0x0000000008003e38                HAL_I2S_MspInit
 .text.HAL_SPI_MspInit
                0x0000000008003ed0       0x6c Src/stm32f4xx_hal_msp.o
                0x0000000008003ed0                HAL_SPI_MspInit
 .text.NMI_Handler
                0x0000000008003f3c        0x2 Src/stm32f4xx_it.o
                0x0000000008003f3c                NMI_Handler
 .text.HardFault_Handler
                0x0000000008003f3e        0x2 Src/stm32f4xx_it.o
                0x0000000008003f3e                HardFault_Handler
 .text.MemManage_Handler
                0x0000000008003f40        0x2 Src/stm32f4xx_it.o
                0x0000000008003f40                MemManage_Handler
 .text.BusFault_Handler
                0x0000000008003f42        0x2 Src/stm32f4xx_it.o
                0x0000000008003f42                BusFault_Handler
 .text.UsageFault_Handler
                0x0000000008003f44        0x2 Src/stm32f4xx_it.o
                0x0000000008003f44                UsageFault_Handler
 .text.SVC_Handler
                0x0000000008003f46        0x2 Src/stm32f4xx_it.o
                0x0000000008003f46                SVC_Handler
 .text.DebugMon_Handler
                0x0000000008003f48        0x2 Src/stm32f4xx_it.o
                0x0000000008003f48                DebugMon_Handler
 .text.PendSV_Handler
                0x0000000008003f4a        0x2 Src/stm32f4xx_it.o
                0x0000000008003f4a                PendSV_Handler
 .text.SysTick_Handler
                0x0000000008003f4c        0x8 Src/stm32f4xx_it.o
                0x0000000008003f4c                SysTick_Handler
 .text.EXTI0_IRQHandler
                0x0000000008003f54        0xa Src/stm32f4xx_it.o
                0x0000000008003f54                EXTI0_IRQHandler
 *fill*         0x0000000008003f5e        0x2 
 .text.OTG_FS_IRQHandler
                0x0000000008003f60       0x10 Src/stm32f4xx_it.o
                0x0000000008003f60                OTG_FS_IRQHandler
 .text._sbrk    0x0000000008003f70       0x3c Src/syscalls.o
                0x0000000008003f70                _sbrk
 .text.SystemInit
                0x0000000008003fac       0x4c Src/system_stm32f4xx.o
                0x0000000008003fac                SystemInit
 .text.USBH_UserProcess
                0x0000000008003ff8       0x2c Src/usb_host.o
 .text.MX_USB_HOST_Init
                0x0000000008004024       0x40 Src/usb_host.o
                0x0000000008004024                MX_USB_HOST_Init
 .text.MX_USB_HOST_Process
                0x0000000008004064       0x10 Src/usb_host.o
                0x0000000008004064                MX_USB_HOST_Process
 .text.HAL_HCD_MspInit
                0x0000000008004074       0x98 Src/usbh_conf.o
                0x0000000008004074                HAL_HCD_MspInit
 .text.HAL_HCD_SOF_Callback
                0x000000000800410c        0xc Src/usbh_conf.o
                0x000000000800410c                HAL_HCD_SOF_Callback
 .text.HAL_HCD_Connect_Callback
                0x0000000008004118        0xc Src/usbh_conf.o
                0x0000000008004118                HAL_HCD_Connect_Callback
 .text.HAL_HCD_Disconnect_Callback
                0x0000000008004124        0xc Src/usbh_conf.o
                0x0000000008004124                HAL_HCD_Disconnect_Callback
 .text.HAL_HCD_HC_NotifyURBChange_Callback
                0x0000000008004130        0x2 Src/usbh_conf.o
                0x0000000008004130                HAL_HCD_HC_NotifyURBChange_Callback
 .text.HAL_HCD_PortEnabled_Callback
                0x0000000008004132        0xc Src/usbh_conf.o
                0x0000000008004132                HAL_HCD_PortEnabled_Callback
 .text.HAL_HCD_PortDisabled_Callback
                0x000000000800413e        0xc Src/usbh_conf.o
                0x000000000800413e                HAL_HCD_PortDisabled_Callback
 *fill*         0x000000000800414a        0x2 
 .text.USBH_LL_Init
                0x000000000800414c       0x54 Src/usbh_conf.o
                0x000000000800414c                USBH_LL_Init
 .text.USBH_LL_GetSpeed
                0x00000000080041a0       0x1c Src/usbh_conf.o
                0x00000000080041a0                USBH_LL_GetSpeed
 .text.USBH_LL_GetLastXferSize
                0x00000000080041bc        0xc Src/usbh_conf.o
                0x00000000080041bc                USBH_LL_GetLastXferSize
 .text.USBH_LL_GetURBState
                0x00000000080041c8        0xc Src/usbh_conf.o
                0x00000000080041c8                USBH_LL_GetURBState
 .text.USBH_LL_DriverVBUS
                0x00000000080041d4       0x1c Src/usbh_conf.o
                0x00000000080041d4                USBH_LL_DriverVBUS
 .text.USBH_LL_SetToggle
                0x00000000080041f0       0x32 Src/usbh_conf.o
                0x00000000080041f0                USBH_LL_SetToggle
 .text.USBH_Delay
                0x0000000008004222        0x8 Src/usbh_conf.o
                0x0000000008004222                USBH_Delay
 .text.USBH_Get_USB_Status
                0x000000000800422a       0x12 Src/usbh_conf.o
                0x000000000800422a                USBH_Get_USB_Status
 .text.USBH_LL_Start
                0x000000000800423c       0x10 Src/usbh_conf.o
                0x000000000800423c                USBH_LL_Start
 .text.USBH_LL_Stop
                0x000000000800424c       0x10 Src/usbh_conf.o
                0x000000000800424c                USBH_LL_Stop
 .text.USBH_LL_ResetPort
                0x000000000800425c       0x10 Src/usbh_conf.o
                0x000000000800425c                USBH_LL_ResetPort
 .text.USBH_LL_OpenPipe
                0x000000000800426c       0x26 Src/usbh_conf.o
                0x000000000800426c                USBH_LL_OpenPipe
 .text.USBH_LL_ClosePipe
                0x0000000008004292       0x10 Src/usbh_conf.o
                0x0000000008004292                USBH_LL_ClosePipe
 .text.USBH_LL_SubmitURB
                0x00000000080042a2       0x2a Src/usbh_conf.o
                0x00000000080042a2                USBH_LL_SubmitURB
 .text.MX_DriverVbusFS
                0x00000000080042cc       0x18 Src/usbh_platform.o
                0x00000000080042cc                MX_DriverVbusFS
 .text.Reset_Handler
                0x00000000080042e4       0x50 startup/startup_stm32f407xx.o
                0x00000000080042e4                Reset_Handler
 .text.Default_Handler
                0x0000000008004334        0x2 startup/startup_stm32f407xx.o
                0x0000000008004334                RTC_Alarm_IRQHandler
                0x0000000008004334                HASH_RNG_IRQHandler
                0x0000000008004334                EXTI2_IRQHandler
                0x0000000008004334                TIM8_CC_IRQHandler
                0x0000000008004334                TIM1_CC_IRQHandler
                0x0000000008004334                DMA2_Stream5_IRQHandler
                0x0000000008004334                DMA1_Stream5_IRQHandler
                0x0000000008004334                PVD_IRQHandler
                0x0000000008004334                SDIO_IRQHandler
                0x0000000008004334                TAMP_STAMP_IRQHandler
                0x0000000008004334                CAN2_RX1_IRQHandler
                0x0000000008004334                EXTI3_IRQHandler
                0x0000000008004334                TIM8_TRG_COM_TIM14_IRQHandler
                0x0000000008004334                TIM1_UP_TIM10_IRQHandler
                0x0000000008004334                TIM8_UP_TIM13_IRQHandler
                0x0000000008004334                I2C3_ER_IRQHandler
                0x0000000008004334                I2C2_EV_IRQHandler
                0x0000000008004334                DMA1_Stream2_IRQHandler
                0x0000000008004334                CAN1_RX0_IRQHandler
                0x0000000008004334                FPU_IRQHandler
                0x0000000008004334                OTG_HS_WKUP_IRQHandler
                0x0000000008004334                CAN2_SCE_IRQHandler
                0x0000000008004334                DMA2_Stream2_IRQHandler
                0x0000000008004334                SPI1_IRQHandler
                0x0000000008004334                TIM6_DAC_IRQHandler
                0x0000000008004334                TIM1_BRK_TIM9_IRQHandler
                0x0000000008004334                DCMI_IRQHandler
                0x0000000008004334                CAN2_RX0_IRQHandler
                0x0000000008004334                DMA2_Stream3_IRQHandler
                0x0000000008004334                USART6_IRQHandler
                0x0000000008004334                USART3_IRQHandler
                0x0000000008004334                CAN1_RX1_IRQHandler
                0x0000000008004334                UART5_IRQHandler
                0x0000000008004334                DMA2_Stream0_IRQHandler
                0x0000000008004334                TIM4_IRQHandler
                0x0000000008004334                I2C1_EV_IRQHandler
                0x0000000008004334                DMA1_Stream6_IRQHandler
                0x0000000008004334                DMA1_Stream1_IRQHandler
                0x0000000008004334                UART4_IRQHandler
                0x0000000008004334                TIM3_IRQHandler
                0x0000000008004334                RCC_IRQHandler
                0x0000000008004334                TIM8_BRK_TIM12_IRQHandler
                0x0000000008004334                Default_Handler
                0x0000000008004334                EXTI15_10_IRQHandler
                0x0000000008004334                ADC_IRQHandler
                0x0000000008004334                DMA1_Stream7_IRQHandler
                0x0000000008004334                TIM7_IRQHandler
                0x0000000008004334                CAN2_TX_IRQHandler
                0x0000000008004334                TIM5_IRQHandler
                0x0000000008004334                DMA2_Stream7_IRQHandler
                0x0000000008004334                I2C3_EV_IRQHandler
                0x0000000008004334                EXTI9_5_IRQHandler
                0x0000000008004334                RTC_WKUP_IRQHandler
                0x0000000008004334                ETH_WKUP_IRQHandler
                0x0000000008004334                SPI2_IRQHandler
                0x0000000008004334                OTG_HS_EP1_IN_IRQHandler
                0x0000000008004334                DMA1_Stream0_IRQHandler
                0x0000000008004334                CAN1_TX_IRQHandler
                0x0000000008004334                EXTI4_IRQHandler
                0x0000000008004334                FSMC_IRQHandler
                0x0000000008004334                ETH_IRQHandler
                0x0000000008004334                OTG_HS_EP1_OUT_IRQHandler
                0x0000000008004334                WWDG_IRQHandler
                0x0000000008004334                TIM2_IRQHandler
                0x0000000008004334                OTG_FS_WKUP_IRQHandler
                0x0000000008004334                TIM1_TRG_COM_TIM11_IRQHandler
                0x0000000008004334                OTG_HS_IRQHandler
                0x0000000008004334                EXTI1_IRQHandler
                0x0000000008004334                USART2_IRQHandler
                0x0000000008004334                I2C2_ER_IRQHandler
                0x0000000008004334                DMA2_Stream1_IRQHandler
                0x0000000008004334                CAN1_SCE_IRQHandler
                0x0000000008004334                FLASH_IRQHandler
                0x0000000008004334                DMA2_Stream4_IRQHandler
                0x0000000008004334                USART1_IRQHandler
                0x0000000008004334                SPI3_IRQHandler
                0x0000000008004334                DMA1_Stream4_IRQHandler
                0x0000000008004334                I2C1_ER_IRQHandler
                0x0000000008004334                DMA2_Stream6_IRQHandler
                0x0000000008004334                DMA1_Stream3_IRQHandler
 *fill*         0x0000000008004336        0x2 
 .text.__errno  0x0000000008004338        0xc /media/kaushik/localDiskB/MasteringMCU/systemWorkbench/plugins/fr.ac6.mcu.externaltools.arm-none.linux64_1.17.0.201812190825/tools/compiler/bin/../lib/gcc/arm-none-eabi/7.3.1/../../../../arm-none-eabi/lib/thumb/v7e-m/fpv4-sp/hard/libc_nano.a(lib_a-errno.o)
                0x0000000008004338                __errno
 .text.__libc_init_array
                0x0000000008004344       0x48 /media/kaushik/localDiskB/MasteringMCU/systemWorkbench/plugins/fr.ac6.mcu.externaltools.arm-none.linux64_1.17.0.201812190825/tools/compiler/bin/../lib/gcc/arm-none-eabi/7.3.1/../../../../arm-none-eabi/lib/thumb/v7e-m/fpv4-sp/hard/libc_nano.a(lib_a-init.o)
                0x0000000008004344                __libc_init_array
 .text.malloc   0x000000000800438c       0x10 /media/kaushik/localDiskB/MasteringMCU/systemWorkbench/plugins/fr.ac6.mcu.externaltools.arm-none.linux64_1.17.0.201812190825/tools/compiler/bin/../lib/gcc/arm-none-eabi/7.3.1/../../../../arm-none-eabi/lib/thumb/v7e-m/fpv4-sp/hard/libc_nano.a(lib_a-malloc.o)
                0x000000000800438c                malloc
 .text.free     0x000000000800439c       0x10 /media/kaushik/localDiskB/MasteringMCU/systemWorkbench/plugins/fr.ac6.mcu.externaltools.arm-none.linux64_1.17.0.201812190825/tools/compiler/bin/../lib/gcc/arm-none-eabi/7.3.1/../../../../arm-none-eabi/lib/thumb/v7e-m/fpv4-sp/hard/libc_nano.a(lib_a-malloc.o)
                0x000000000800439c                free
 .text.memset   0x00000000080043ac       0x10 /media/kaushik/localDiskB/MasteringMCU/systemWorkbench/plugins/fr.ac6.mcu.externaltools.arm-none.linux64_1.17.0.201812190825/tools/compiler/bin/../lib/gcc/arm-none-eabi/7.3.1/../../../../arm-none-eabi/lib/thumb/v7e-m/fpv4-sp/hard/libc_nano.a(lib_a-memset.o)
                0x00000000080043ac                memset
 .text._free_r  0x00000000080043bc       0x9c /media/kaushik/localDiskB/MasteringMCU/systemWorkbench/plugins/fr.ac6.mcu.externaltools.arm-none.linux64_1.17.0.201812190825/tools/compiler/bin/../lib/gcc/arm-none-eabi/7.3.1/../../../../arm-none-eabi/lib/thumb/v7e-m/fpv4-sp/hard/libc_nano.a(lib_a-nano-freer.o)
                0x00000000080043bc                _free_r
 .text._malloc_r
                0x0000000008004458       0xb4 /media/kaushik/localDiskB/MasteringMCU/systemWorkbench/plugins/fr.ac6.mcu.externaltools.arm-none.linux64_1.17.0.201812190825/tools/compiler/bin/../lib/gcc/arm-none-eabi/7.3.1/../../../../arm-none-eabi/lib/thumb/v7e-m/fpv4-sp/hard/libc_nano.a(lib_a-nano-mallocr.o)
                0x0000000008004458                _malloc_r
 .text._sbrk_r  0x000000000800450c       0x20 /media/kaushik/localDiskB/MasteringMCU/systemWorkbench/plugins/fr.ac6.mcu.externaltools.arm-none.linux64_1.17.0.201812190825/tools/compiler/bin/../lib/gcc/arm-none-eabi/7.3.1/../../../../arm-none-eabi/lib/thumb/v7e-m/fpv4-sp/hard/libc_nano.a(lib_a-sbrkr.o)
                0x000000000800450c                _sbrk_r
 .text.__malloc_lock
                0x000000000800452c        0x2 /media/kaushik/localDiskB/MasteringMCU/systemWorkbench/plugins/fr.ac6.mcu.externaltools.arm-none.linux64_1.17.0.201812190825/tools/compiler/bin/../lib/gcc/arm-none-eabi/7.3.1/../../../../arm-none-eabi/lib/thumb/v7e-m/fpv4-sp/hard/libc_nano.a(lib_a-mlock.o)
                0x000000000800452c                __malloc_lock
 .text.__malloc_unlock
                0x000000000800452e        0x2 /media/kaushik/localDiskB/MasteringMCU/systemWorkbench/plugins/fr.ac6.mcu.externaltools.arm-none.linux64_1.17.0.201812190825/tools/compiler/bin/../lib/gcc/arm-none-eabi/7.3.1/../../../../arm-none-eabi/lib/thumb/v7e-m/fpv4-sp/hard/libc_nano.a(lib_a-mlock.o)
                0x000000000800452e                __malloc_unlock
 *(.glue_7)
 .glue_7        0x0000000008004530        0x0 linker stubs
 *(.glue_7t)
 .glue_7t       0x0000000008004530        0x0 linker stubs
 *(.eh_frame)
 .eh_frame      0x0000000008004530        0x0 /media/kaushik/localDiskB/MasteringMCU/systemWorkbench/plugins/fr.ac6.mcu.externaltools.arm-none.linux64_1.17.0.201812190825/tools/compiler/bin/../lib/gcc/arm-none-eabi/7.3.1/thumb/v7e-m/fpv4-sp/hard/crtbegin.o
 *(.init)
 .init          0x0000000008004530        0x4 /media/kaushik/localDiskB/MasteringMCU/systemWorkbench/plugins/fr.ac6.mcu.externaltools.arm-none.linux64_1.17.0.201812190825/tools/compiler/bin/../lib/gcc/arm-none-eabi/7.3.1/thumb/v7e-m/fpv4-sp/hard/crti.o
                0x0000000008004530                _init
 .init          0x0000000008004534        0x8 /media/kaushik/localDiskB/MasteringMCU/systemWorkbench/plugins/fr.ac6.mcu.externaltools.arm-none.linux64_1.17.0.201812190825/tools/compiler/bin/../lib/gcc/arm-none-eabi/7.3.1/thumb/v7e-m/fpv4-sp/hard/crtn.o
 *(.fini)
 .fini          0x000000000800453c        0x4 /media/kaushik/localDiskB/MasteringMCU/systemWorkbench/plugins/fr.ac6.mcu.externaltools.arm-none.linux64_1.17.0.201812190825/tools/compiler/bin/../lib/gcc/arm-none-eabi/7.3.1/thumb/v7e-m/fpv4-sp/hard/crti.o
                0x000000000800453c                _fini
 .fini          0x0000000008004540        0x8 /media/kaushik/localDiskB/MasteringMCU/systemWorkbench/plugins/fr.ac6.mcu.externaltools.arm-none.linux64_1.17.0.201812190825/tools/compiler/bin/../lib/gcc/arm-none-eabi/7.3.1/thumb/v7e-m/fpv4-sp/hard/crtn.o
                0x0000000008004548                . = ALIGN (0x4)
                0x0000000008004548                _etext = .

.vfp11_veneer   0x0000000008004548        0x0
 .vfp11_veneer  0x0000000008004548        0x0 linker stubs

.v4_bx          0x0000000008004548        0x0
 .v4_bx         0x0000000008004548        0x0 linker stubs

.iplt           0x0000000008004548        0x0
 .iplt          0x0000000008004548        0x0 /media/kaushik/localDiskB/MasteringMCU/systemWorkbench/plugins/fr.ac6.mcu.externaltools.arm-none.linux64_1.17.0.201812190825/tools/compiler/bin/../lib/gcc/arm-none-eabi/7.3.1/thumb/v7e-m/fpv4-sp/hard/crtbegin.o

.rodata         0x0000000008004548       0x1c
                0x0000000008004548                . = ALIGN (0x4)
 *(.rodata)
 .rodata        0x0000000008004548       0x18 Src/system_stm32f4xx.o
                0x0000000008004548                AHBPrescTable
                0x0000000008004558                APBPrescTable
 *(.rodata*)
 .rodata.str1.4
                0x0000000008004560        0x4 Middlewares/ST/STM32_USB_Host_Library/Class/CDC/Src/usbh_cdc.o
                0x0000000008004564                . = ALIGN (0x4)

.ARM.extab
 *(.ARM.extab* .gnu.linkonce.armextab.*)

.ARM            0x0000000008004564        0x8
                0x0000000008004564                __exidx_start = .
 *(.ARM.exidx*)
 .ARM.exidx     0x0000000008004564        0x8 /media/kaushik/localDiskB/MasteringMCU/systemWorkbench/plugins/fr.ac6.mcu.externaltools.arm-none.linux64_1.17.0.201812190825/tools/compiler/bin/../lib/gcc/arm-none-eabi/7.3.1/thumb/v7e-m/fpv4-sp/hard/libgcc.a(_udivmoddi4.o)
                0x000000000800456c                __exidx_end = .

.rel.dyn        0x000000000800456c        0x0
 .rel.iplt      0x000000000800456c        0x0 /media/kaushik/localDiskB/MasteringMCU/systemWorkbench/plugins/fr.ac6.mcu.externaltools.arm-none.linux64_1.17.0.201812190825/tools/compiler/bin/../lib/gcc/arm-none-eabi/7.3.1/thumb/v7e-m/fpv4-sp/hard/crtbegin.o

.preinit_array  0x000000000800456c        0x0
                0x000000000800456c                PROVIDE (__preinit_array_start = .)
 *(.preinit_array*)
                0x000000000800456c                PROVIDE (__preinit_array_end = .)

.init_array     0x000000000800456c        0x4
                0x000000000800456c                PROVIDE (__init_array_start = .)
 *(SORT_BY_NAME(.init_array.*))
 *(.init_array*)
 .init_array    0x000000000800456c        0x4 /media/kaushik/localDiskB/MasteringMCU/systemWorkbench/plugins/fr.ac6.mcu.externaltools.arm-none.linux64_1.17.0.201812190825/tools/compiler/bin/../lib/gcc/arm-none-eabi/7.3.1/thumb/v7e-m/fpv4-sp/hard/crtbegin.o
                0x0000000008004570                PROVIDE (__init_array_end = .)

.fini_array     0x0000000008004570        0x4
                [!provide]                        PROVIDE (__fini_array_start = .)
 *(SORT_BY_NAME(.fini_array.*))
 *(.fini_array*)
 .fini_array    0x0000000008004570        0x4 /media/kaushik/localDiskB/MasteringMCU/systemWorkbench/plugins/fr.ac6.mcu.externaltools.arm-none.linux64_1.17.0.201812190825/tools/compiler/bin/../lib/gcc/arm-none-eabi/7.3.1/thumb/v7e-m/fpv4-sp/hard/crtbegin.o
                [!provide]                        PROVIDE (__fini_array_end = .)
                0x0000000008004574                _sidata = LOADADDR (.data)

.data           0x0000000020000000       0x90 load address 0x0000000008004574
                0x0000000020000000                . = ALIGN (0x4)
                0x0000000020000000                _sdata = .
 *(.data)
 .data          0x0000000020000000        0x8 Drivers/STM32F4xx_HAL_Driver/Src/stm32f4xx_hal.o
                0x0000000020000000                uwTickFreq
                0x0000000020000004                uwTickPrio
 .data          0x0000000020000008       0x20 Middlewares/ST/STM32_USB_Host_Library/Class/CDC/Src/usbh_cdc.o
                0x0000000020000008                CDC_Class
 .data          0x0000000020000028        0x4 Src/system_stm32f4xx.o
                0x0000000020000028                SystemCoreClock
 *(.data*)
 .data._impure_ptr
                0x000000002000002c        0x4 /media/kaushik/localDiskB/MasteringMCU/systemWorkbench/plugins/fr.ac6.mcu.externaltools.arm-none.linux64_1.17.0.201812190825/tools/compiler/bin/../lib/gcc/arm-none-eabi/7.3.1/../../../../arm-none-eabi/lib/thumb/v7e-m/fpv4-sp/hard/libc_nano.a(lib_a-impure.o)
                0x000000002000002c                _impure_ptr
 .data.impure_data
                0x0000000020000030       0x60 /media/kaushik/localDiskB/MasteringMCU/systemWorkbench/plugins/fr.ac6.mcu.externaltools.arm-none.linux64_1.17.0.201812190825/tools/compiler/bin/../lib/gcc/arm-none-eabi/7.3.1/../../../../arm-none-eabi/lib/thumb/v7e-m/fpv4-sp/hard/libc_nano.a(lib_a-impure.o)
                0x0000000020000090                . = ALIGN (0x4)
                0x0000000020000090                _edata = .
                0x0000000008004604                _siccmram = LOADADDR (.ccmram)

.igot.plt       0x0000000020000090        0x0 load address 0x0000000008004604
 .igot.plt      0x0000000020000090        0x0 /media/kaushik/localDiskB/MasteringMCU/systemWorkbench/plugins/fr.ac6.mcu.externaltools.arm-none.linux64_1.17.0.201812190825/tools/compiler/bin/../lib/gcc/arm-none-eabi/7.3.1/thumb/v7e-m/fpv4-sp/hard/crtbegin.o

.ccmram         0x0000000010000000        0x0 load address 0x0000000008004604
                0x0000000010000000                . = ALIGN (0x4)
                0x0000000010000000                _sccmram = .
 *(.ccmram)
 *(.ccmram*)
                0x0000000010000000                . = ALIGN (0x4)
                0x0000000010000000                _eccmram = .
                0x0000000010000000                . = ALIGN (0x4)

.bss            0x0000000020000090      0x7c0
                0x0000000020000090                _sbss = .
                0x0000000020000090                __bss_start__ = _sbss
 *(.bss)
 .bss           0x0000000020000090       0x1c /media/kaushik/localDiskB/MasteringMCU/systemWorkbench/plugins/fr.ac6.mcu.externaltools.arm-none.linux64_1.17.0.201812190825/tools/compiler/bin/../lib/gcc/arm-none-eabi/7.3.1/thumb/v7e-m/fpv4-sp/hard/crtbegin.o
 .bss           0x00000000200000ac        0x4 Drivers/STM32F4xx_HAL_Driver/Src/stm32f4xx_ll_usb.o
 .bss           0x00000000200000b0        0x8 Src/syscalls.o
                0x00000000200000b4                __env
 .bss           0x00000000200000b8        0x1 Src/usb_host.o
                0x00000000200000b8                Appli_state
 *(.bss*)
 *fill*         0x00000000200000b9        0x3 
 .bss.__malloc_free_list
                0x00000000200000bc        0x4 /media/kaushik/localDiskB/MasteringMCU/systemWorkbench/plugins/fr.ac6.mcu.externaltools.arm-none.linux64_1.17.0.201812190825/tools/compiler/bin/../lib/gcc/arm-none-eabi/7.3.1/../../../../arm-none-eabi/lib/thumb/v7e-m/fpv4-sp/hard/libc_nano.a(lib_a-nano-mallocr.o)
                0x00000000200000bc                __malloc_free_list
 .bss.__malloc_sbrk_start
                0x00000000200000c0        0x4 /media/kaushik/localDiskB/MasteringMCU/systemWorkbench/plugins/fr.ac6.mcu.externaltools.arm-none.linux64_1.17.0.201812190825/tools/compiler/bin/../lib/gcc/arm-none-eabi/7.3.1/../../../../arm-none-eabi/lib/thumb/v7e-m/fpv4-sp/hard/libc_nano.a(lib_a-nano-mallocr.o)
                0x00000000200000c0                __malloc_sbrk_start
 *(COMMON)
 COMMON         0x00000000200000c4        0x4 Drivers/STM32F4xx_HAL_Driver/Src/stm32f4xx_hal.o
                0x00000000200000c4                uwTick
 COMMON         0x00000000200000c8       0xf4 Src/main.o
                0x00000000200000c8                hi2c1
                0x000000002000011c                hspi1
                0x0000000020000174                hi2s3
 COMMON         0x00000000200001bc      0x3cc Src/usb_host.o
                0x00000000200001bc                hUsbHostFS
 COMMON         0x0000000020000588      0x2c4 Src/usbh_conf.o
                0x0000000020000588                hhcd_USB_OTG_FS
 COMMON         0x000000002000084c        0x4 /media/kaushik/localDiskB/MasteringMCU/systemWorkbench/plugins/fr.ac6.mcu.externaltools.arm-none.linux64_1.17.0.201812190825/tools/compiler/bin/../lib/gcc/arm-none-eabi/7.3.1/../../../../arm-none-eabi/lib/thumb/v7e-m/fpv4-sp/hard/libc_nano.a(lib_a-reent.o)
                0x000000002000084c                errno
                0x0000000020000850                . = ALIGN (0x4)
                0x0000000020000850                _ebss = .
                0x0000000020000850                __bss_end__ = _ebss

._user_heap_stack
                0x0000000020000850      0x600
                0x0000000020000850                . = ALIGN (0x8)
                0x0000000020000850                PROVIDE (end = .)
                [!provide]                        PROVIDE (_end = .)
                0x0000000020000a50                . = (. + _Min_Heap_Size)
 *fill*         0x0000000020000850      0x200 
                0x0000000020000e50                . = (. + _Min_Stack_Size)
 *fill*         0x0000000020000a50      0x400 
                0x0000000020000e50                . = ALIGN (0x8)

/DISCARD/
 libc.a(*)
 libm.a(*)
 libgcc.a(*)

.ARM.attributes
                0x0000000000000000       0x30
 *(.ARM.attributes)
 .ARM.attributes
                0x0000000000000000       0x22 /media/kaushik/localDiskB/MasteringMCU/systemWorkbench/plugins/fr.ac6.mcu.externaltools.arm-none.linux64_1.17.0.201812190825/tools/compiler/bin/../lib/gcc/arm-none-eabi/7.3.1/thumb/v7e-m/fpv4-sp/hard/crti.o
 .ARM.attributes
                0x0000000000000022       0x34 /media/kaushik/localDiskB/MasteringMCU/systemWorkbench/plugins/fr.ac6.mcu.externaltools.arm-none.linux64_1.17.0.201812190825/tools/compiler/bin/../lib/gcc/arm-none-eabi/7.3.1/thumb/v7e-m/fpv4-sp/hard/crtbegin.o
 .ARM.attributes
                0x0000000000000056       0x39 Drivers/STM32F4xx_HAL_Driver/Src/stm32f4xx_hal.o
 .ARM.attributes
                0x000000000000008f       0x39 Drivers/STM32F4xx_HAL_Driver/Src/stm32f4xx_hal_cortex.o
 .ARM.attributes
                0x00000000000000c8       0x39 Drivers/STM32F4xx_HAL_Driver/Src/stm32f4xx_hal_gpio.o
 .ARM.attributes
                0x0000000000000101       0x39 Drivers/STM32F4xx_HAL_Driver/Src/stm32f4xx_hal_hcd.o
 .ARM.attributes
                0x000000000000013a       0x39 Drivers/STM32F4xx_HAL_Driver/Src/stm32f4xx_hal_i2c.o
 .ARM.attributes
                0x0000000000000173       0x39 Drivers/STM32F4xx_HAL_Driver/Src/stm32f4xx_hal_i2s.o
 .ARM.attributes
                0x00000000000001ac       0x39 Drivers/STM32F4xx_HAL_Driver/Src/stm32f4xx_hal_i2s_ex.o
 .ARM.attributes
                0x00000000000001e5       0x39 Drivers/STM32F4xx_HAL_Driver/Src/stm32f4xx_hal_rcc.o
 .ARM.attributes
                0x000000000000021e       0x39 Drivers/STM32F4xx_HAL_Driver/Src/stm32f4xx_hal_rcc_ex.o
 .ARM.attributes
                0x0000000000000257       0x39 Drivers/STM32F4xx_HAL_Driver/Src/stm32f4xx_hal_spi.o
 .ARM.attributes
                0x0000000000000290       0x39 Drivers/STM32F4xx_HAL_Driver/Src/stm32f4xx_ll_usb.o
 .ARM.attributes
                0x00000000000002c9       0x39 Middlewares/ST/STM32_USB_Host_Library/Class/CDC/Src/usbh_cdc.o
 .ARM.attributes
                0x0000000000000302       0x39 Middlewares/ST/STM32_USB_Host_Library/Core/Src/usbh_core.o
 .ARM.attributes
                0x000000000000033b       0x39 Middlewares/ST/STM32_USB_Host_Library/Core/Src/usbh_ctlreq.o
 .ARM.attributes
                0x0000000000000374       0x39 Middlewares/ST/STM32_USB_Host_Library/Core/Src/usbh_ioreq.o
 .ARM.attributes
                0x00000000000003ad       0x39 Middlewares/ST/STM32_USB_Host_Library/Core/Src/usbh_pipes.o
 .ARM.attributes
                0x00000000000003e6       0x39 Src/main.o
 .ARM.attributes
                0x000000000000041f       0x39 Src/stm32f4xx_hal_msp.o
 .ARM.attributes
                0x0000000000000458       0x39 Src/stm32f4xx_it.o
 .ARM.attributes
                0x0000000000000491       0x39 Src/syscalls.o
 .ARM.attributes
                0x00000000000004ca       0x39 Src/system_stm32f4xx.o
 .ARM.attributes
                0x0000000000000503       0x39 Src/usb_host.o
 .ARM.attributes
                0x000000000000053c       0x39 Src/usbh_conf.o
 .ARM.attributes
                0x0000000000000575       0x39 Src/usbh_platform.o
 .ARM.attributes
                0x00000000000005ae       0x21 startup/startup_stm32f407xx.o
 .ARM.attributes
                0x00000000000005cf       0x22 /media/kaushik/localDiskB/MasteringMCU/systemWorkbench/plugins/fr.ac6.mcu.externaltools.arm-none.linux64_1.17.0.201812190825/tools/compiler/bin/../lib/gcc/arm-none-eabi/7.3.1/thumb/v7e-m/fpv4-sp/hard/libgcc.a(_aeabi_uldivmod.o)
 .ARM.attributes
                0x00000000000005f1       0x34 /media/kaushik/localDiskB/MasteringMCU/systemWorkbench/plugins/fr.ac6.mcu.externaltools.arm-none.linux64_1.17.0.201812190825/tools/compiler/bin/../lib/gcc/arm-none-eabi/7.3.1/thumb/v7e-m/fpv4-sp/hard/libgcc.a(_udivmoddi4.o)
 .ARM.attributes
                0x0000000000000625       0x22 /media/kaushik/localDiskB/MasteringMCU/systemWorkbench/plugins/fr.ac6.mcu.externaltools.arm-none.linux64_1.17.0.201812190825/tools/compiler/bin/../lib/gcc/arm-none-eabi/7.3.1/thumb/v7e-m/fpv4-sp/hard/libgcc.a(_dvmd_tls.o)
 .ARM.attributes
                0x0000000000000647       0x34 /media/kaushik/localDiskB/MasteringMCU/systemWorkbench/plugins/fr.ac6.mcu.externaltools.arm-none.linux64_1.17.0.201812190825/tools/compiler/bin/../lib/gcc/arm-none-eabi/7.3.1/../../../../arm-none-eabi/lib/thumb/v7e-m/fpv4-sp/hard/libc_nano.a(lib_a-errno.o)
 .ARM.attributes
                0x000000000000067b       0x34 /media/kaushik/localDiskB/MasteringMCU/systemWorkbench/plugins/fr.ac6.mcu.externaltools.arm-none.linux64_1.17.0.201812190825/tools/compiler/bin/../lib/gcc/arm-none-eabi/7.3.1/../../../../arm-none-eabi/lib/thumb/v7e-m/fpv4-sp/hard/libc_nano.a(lib_a-impure.o)
 .ARM.attributes
                0x00000000000006af       0x34 /media/kaushik/localDiskB/MasteringMCU/systemWorkbench/plugins/fr.ac6.mcu.externaltools.arm-none.linux64_1.17.0.201812190825/tools/compiler/bin/../lib/gcc/arm-none-eabi/7.3.1/../../../../arm-none-eabi/lib/thumb/v7e-m/fpv4-sp/hard/libc_nano.a(lib_a-init.o)
 .ARM.attributes
                0x00000000000006e3       0x34 /media/kaushik/localDiskB/MasteringMCU/systemWorkbench/plugins/fr.ac6.mcu.externaltools.arm-none.linux64_1.17.0.201812190825/tools/compiler/bin/../lib/gcc/arm-none-eabi/7.3.1/../../../../arm-none-eabi/lib/thumb/v7e-m/fpv4-sp/hard/libc_nano.a(lib_a-malloc.o)
 .ARM.attributes
                0x0000000000000717       0x34 /media/kaushik/localDiskB/MasteringMCU/systemWorkbench/plugins/fr.ac6.mcu.externaltools.arm-none.linux64_1.17.0.201812190825/tools/compiler/bin/../lib/gcc/arm-none-eabi/7.3.1/../../../../arm-none-eabi/lib/thumb/v7e-m/fpv4-sp/hard/libc_nano.a(lib_a-memset.o)
 .ARM.attributes
                0x000000000000074b       0x34 /media/kaushik/localDiskB/MasteringMCU/systemWorkbench/plugins/fr.ac6.mcu.externaltools.arm-none.linux64_1.17.0.201812190825/tools/compiler/bin/../lib/gcc/arm-none-eabi/7.3.1/../../../../arm-none-eabi/lib/thumb/v7e-m/fpv4-sp/hard/libc_nano.a(lib_a-nano-freer.o)
 .ARM.attributes
                0x000000000000077f       0x34 /media/kaushik/localDiskB/MasteringMCU/systemWorkbench/plugins/fr.ac6.mcu.externaltools.arm-none.linux64_1.17.0.201812190825/tools/compiler/bin/../lib/gcc/arm-none-eabi/7.3.1/../../../../arm-none-eabi/lib/thumb/v7e-m/fpv4-sp/hard/libc_nano.a(lib_a-nano-mallocr.o)
 .ARM.attributes
                0x00000000000007b3       0x34 /media/kaushik/localDiskB/MasteringMCU/systemWorkbench/plugins/fr.ac6.mcu.externaltools.arm-none.linux64_1.17.0.201812190825/tools/compiler/bin/../lib/gcc/arm-none-eabi/7.3.1/../../../../arm-none-eabi/lib/thumb/v7e-m/fpv4-sp/hard/libc_nano.a(lib_a-sbrkr.o)
 .ARM.attributes
                0x00000000000007e7       0x34 /media/kaushik/localDiskB/MasteringMCU/systemWorkbench/plugins/fr.ac6.mcu.externaltools.arm-none.linux64_1.17.0.201812190825/tools/compiler/bin/../lib/gcc/arm-none-eabi/7.3.1/../../../../arm-none-eabi/lib/thumb/v7e-m/fpv4-sp/hard/libc_nano.a(lib_a-mlock.o)
 .ARM.attributes
                0x000000000000081b       0x34 /media/kaushik/localDiskB/MasteringMCU/systemWorkbench/plugins/fr.ac6.mcu.externaltools.arm-none.linux64_1.17.0.201812190825/tools/compiler/bin/../lib/gcc/arm-none-eabi/7.3.1/../../../../arm-none-eabi/lib/thumb/v7e-m/fpv4-sp/hard/libc_nano.a(lib_a-reent.o)
 .ARM.attributes
                0x000000000000084f       0x22 /media/kaushik/localDiskB/MasteringMCU/systemWorkbench/plugins/fr.ac6.mcu.externaltools.arm-none.linux64_1.17.0.201812190825/tools/compiler/bin/../lib/gcc/arm-none-eabi/7.3.1/thumb/v7e-m/fpv4-sp/hard/crtn.o
OUTPUT(GPIO_PushButton_InterruptHandler.elf elf32-littlearm)

.debug_info     0x0000000000000000    0x1c273
 .debug_info    0x0000000000000000      0x9cc Drivers/STM32F4xx_HAL_Driver/Src/stm32f4xx_hal.o
 .debug_info    0x00000000000009cc      0xf3a Drivers/STM32F4xx_HAL_Driver/Src/stm32f4xx_hal_cortex.o
 .debug_info    0x0000000000001906      0x770 Drivers/STM32F4xx_HAL_Driver/Src/stm32f4xx_hal_gpio.o
 .debug_info    0x0000000000002076     0x1276 Drivers/STM32F4xx_HAL_Driver/Src/stm32f4xx_hal_hcd.o
 .debug_info    0x00000000000032ec     0x327d Drivers/STM32F4xx_HAL_Driver/Src/stm32f4xx_hal_i2c.o
 .debug_info    0x0000000000006569      0xf8d Drivers/STM32F4xx_HAL_Driver/Src/stm32f4xx_hal_i2s.o
 .debug_info    0x00000000000074f6      0xd99 Drivers/STM32F4xx_HAL_Driver/Src/stm32f4xx_hal_i2s_ex.o
 .debug_info    0x000000000000828f      0xa39 Drivers/STM32F4xx_HAL_Driver/Src/stm32f4xx_hal_rcc.o
 .debug_info    0x0000000000008cc8      0x669 Drivers/STM32F4xx_HAL_Driver/Src/stm32f4xx_hal_rcc_ex.o
 .debug_info    0x0000000000009331     0x1ba9 Drivers/STM32F4xx_HAL_Driver/Src/stm32f4xx_hal_spi.o
 .debug_info    0x000000000000aeda     0x1b1d Drivers/STM32F4xx_HAL_Driver/Src/stm32f4xx_ll_usb.o
 .debug_info    0x000000000000c9f7     0x1e41 Middlewares/ST/STM32_USB_Host_Library/Class/CDC/Src/usbh_cdc.o
 .debug_info    0x000000000000e838     0x1b6e Middlewares/ST/STM32_USB_Host_Library/Core/Src/usbh_core.o
 .debug_info    0x00000000000103a6     0x1a33 Middlewares/ST/STM32_USB_Host_Library/Core/Src/usbh_ctlreq.o
 .debug_info    0x0000000000011dd9     0x1661 Middlewares/ST/STM32_USB_Host_Library/Core/Src/usbh_ioreq.o
 .debug_info    0x000000000001343a     0x1309 Middlewares/ST/STM32_USB_Host_Library/Core/Src/usbh_pipes.o
 .debug_info    0x0000000000014743     0x15af Src/main.o
 .debug_info    0x0000000000015cf2      0xfd8 Src/stm32f4xx_hal_msp.o
 .debug_info    0x0000000000016cca      0x6c4 Src/stm32f4xx_it.o
 .debug_info    0x000000000001738e      0xfd3 Src/syscalls.o
 .debug_info    0x0000000000018361      0x507 Src/system_stm32f4xx.o
 .debug_info    0x0000000000018868     0x12ab Src/usb_host.o
 .debug_info    0x0000000000019b13     0x24ed Src/usbh_conf.o
 .debug_info    0x000000000001c000      0x251 Src/usbh_platform.o
 .debug_info    0x000000000001c251       0x22 startup/startup_stm32f407xx.o

.debug_abbrev   0x0000000000000000     0x3a26
 .debug_abbrev  0x0000000000000000      0x1f1 Drivers/STM32F4xx_HAL_Driver/Src/stm32f4xx_hal.o
 .debug_abbrev  0x00000000000001f1      0x328 Drivers/STM32F4xx_HAL_Driver/Src/stm32f4xx_hal_cortex.o
 .debug_abbrev  0x0000000000000519      0x1e7 Drivers/STM32F4xx_HAL_Driver/Src/stm32f4xx_hal_gpio.o
 .debug_abbrev  0x0000000000000700      0x27f Drivers/STM32F4xx_HAL_Driver/Src/stm32f4xx_hal_hcd.o
 .debug_abbrev  0x000000000000097f      0x284 Drivers/STM32F4xx_HAL_Driver/Src/stm32f4xx_hal_i2c.o
 .debug_abbrev  0x0000000000000c03      0x23a Drivers/STM32F4xx_HAL_Driver/Src/stm32f4xx_hal_i2s.o
 .debug_abbrev  0x0000000000000e3d      0x281 Drivers/STM32F4xx_HAL_Driver/Src/stm32f4xx_hal_i2s_ex.o
 .debug_abbrev  0x00000000000010be      0x273 Drivers/STM32F4xx_HAL_Driver/Src/stm32f4xx_hal_rcc.o
 .debug_abbrev  0x0000000000001331      0x190 Drivers/STM32F4xx_HAL_Driver/Src/stm32f4xx_hal_rcc_ex.o
 .debug_abbrev  0x00000000000014c1      0x249 Drivers/STM32F4xx_HAL_Driver/Src/stm32f4xx_hal_spi.o
 .debug_abbrev  0x000000000000170a      0x2a8 Drivers/STM32F4xx_HAL_Driver/Src/stm32f4xx_ll_usb.o
 .debug_abbrev  0x00000000000019b2      0x346 Middlewares/ST/STM32_USB_Host_Library/Class/CDC/Src/usbh_cdc.o
 .debug_abbrev  0x0000000000001cf8      0x371 Middlewares/ST/STM32_USB_Host_Library/Core/Src/usbh_core.o
 .debug_abbrev  0x0000000000002069      0x35d Middlewares/ST/STM32_USB_Host_Library/Core/Src/usbh_ctlreq.o
 .debug_abbrev  0x00000000000023c6      0x281 Middlewares/ST/STM32_USB_Host_Library/Core/Src/usbh_ioreq.o
 .debug_abbrev  0x0000000000002647      0x2bb Middlewares/ST/STM32_USB_Host_Library/Core/Src/usbh_pipes.o
 .debug_abbrev  0x0000000000002902      0x24d Src/main.o
 .debug_abbrev  0x0000000000002b4f      0x1da Src/stm32f4xx_hal_msp.o
 .debug_abbrev  0x0000000000002d29      0x199 Src/stm32f4xx_it.o
 .debug_abbrev  0x0000000000002ec2      0x2d4 Src/syscalls.o
 .debug_abbrev  0x0000000000003196      0x111 Src/system_stm32f4xx.o
 .debug_abbrev  0x00000000000032a7      0x2b5 Src/usb_host.o
 .debug_abbrev  0x000000000000355c      0x38a Src/usbh_conf.o
 .debug_abbrev  0x00000000000038e6      0x12e Src/usbh_platform.o
 .debug_abbrev  0x0000000000003a14       0x12 startup/startup_stm32f407xx.o

.debug_loc      0x0000000000000000     0xd13a
 .debug_loc     0x0000000000000000       0xfd Drivers/STM32F4xx_HAL_Driver/Src/stm32f4xx_hal.o
 .debug_loc     0x00000000000000fd      0x5ce Drivers/STM32F4xx_HAL_Driver/Src/stm32f4xx_hal_cortex.o
 .debug_loc     0x00000000000006cb      0x497 Drivers/STM32F4xx_HAL_Driver/Src/stm32f4xx_hal_gpio.o
 .debug_loc     0x0000000000000b62      0xba8 Drivers/STM32F4xx_HAL_Driver/Src/stm32f4xx_hal_hcd.o
 .debug_loc     0x000000000000170a     0x3673 Drivers/STM32F4xx_HAL_Driver/Src/stm32f4xx_hal_i2c.o
 .debug_loc     0x0000000000004d7d      0xc17 Drivers/STM32F4xx_HAL_Driver/Src/stm32f4xx_hal_i2s.o
 .debug_loc     0x0000000000005994      0xa81 Drivers/STM32F4xx_HAL_Driver/Src/stm32f4xx_hal_i2s_ex.o
 .debug_loc     0x0000000000006415      0x3f1 Drivers/STM32F4xx_HAL_Driver/Src/stm32f4xx_hal_rcc.o
 .debug_loc     0x0000000000006806      0x2c7 Drivers/STM32F4xx_HAL_Driver/Src/stm32f4xx_hal_rcc_ex.o
 .debug_loc     0x0000000000006acd     0x19fe Drivers/STM32F4xx_HAL_Driver/Src/stm32f4xx_hal_spi.o
 .debug_loc     0x00000000000084cb     0x1e4e Drivers/STM32F4xx_HAL_Driver/Src/stm32f4xx_ll_usb.o
 .debug_loc     0x000000000000a319      0x642 Middlewares/ST/STM32_USB_Host_Library/Class/CDC/Src/usbh_cdc.o
 .debug_loc     0x000000000000a95b      0x66c Middlewares/ST/STM32_USB_Host_Library/Core/Src/usbh_core.o
 .debug_loc     0x000000000000afc7      0xbf1 Middlewares/ST/STM32_USB_Host_Library/Core/Src/usbh_ctlreq.o
 .debug_loc     0x000000000000bbb8      0x50f Middlewares/ST/STM32_USB_Host_Library/Core/Src/usbh_ioreq.o
 .debug_loc     0x000000000000c0c7      0x1be Middlewares/ST/STM32_USB_Host_Library/Core/Src/usbh_pipes.o
 .debug_loc     0x000000000000c285      0x15c Src/stm32f4xx_hal_msp.o
 .debug_loc     0x000000000000c3e1      0x3af Src/syscalls.o
 .debug_loc     0x000000000000c790      0x13e Src/system_stm32f4xx.o
 .debug_loc     0x000000000000c8ce      0x817 Src/usbh_conf.o
 .debug_loc     0x000000000000d0e5       0x55 Src/usbh_platform.o

.debug_aranges  0x0000000000000000     0x1118
 .debug_aranges
                0x0000000000000000       0xf0 Drivers/STM32F4xx_HAL_Driver/Src/stm32f4xx_hal.o
 .debug_aranges
                0x00000000000000f0       0xa8 Drivers/STM32F4xx_HAL_Driver/Src/stm32f4xx_hal_cortex.o
 .debug_aranges
                0x0000000000000198       0x58 Drivers/STM32F4xx_HAL_Driver/Src/stm32f4xx_hal_gpio.o
 .debug_aranges
                0x00000000000001f0       0xf0 Drivers/STM32F4xx_HAL_Driver/Src/stm32f4xx_hal_hcd.o
 .debug_aranges
                0x00000000000002e0      0x290 Drivers/STM32F4xx_HAL_Driver/Src/stm32f4xx_hal_i2c.o
 .debug_aranges
                0x0000000000000570      0x108 Drivers/STM32F4xx_HAL_Driver/Src/stm32f4xx_hal_i2s.o
 .debug_aranges
                0x0000000000000678       0x88 Drivers/STM32F4xx_HAL_Driver/Src/stm32f4xx_hal_i2s_ex.o
 .debug_aranges
                0x0000000000000700       0x88 Drivers/STM32F4xx_HAL_Driver/Src/stm32f4xx_hal_rcc.o
 .debug_aranges
                0x0000000000000788       0x48 Drivers/STM32F4xx_HAL_Driver/Src/stm32f4xx_hal_rcc_ex.o
 .debug_aranges
                0x00000000000007d0      0x1d0 Drivers/STM32F4xx_HAL_Driver/Src/stm32f4xx_hal_spi.o
 .debug_aranges
                0x00000000000009a0      0x198 Drivers/STM32F4xx_HAL_Driver/Src/stm32f4xx_ll_usb.o
 .debug_aranges
                0x0000000000000b38       0xa8 Middlewares/ST/STM32_USB_Host_Library/Class/CDC/Src/usbh_cdc.o
 .debug_aranges
                0x0000000000000be0       0xc0 Middlewares/ST/STM32_USB_Host_Library/Core/Src/usbh_core.o
 .debug_aranges
                0x0000000000000ca0       0xa0 Middlewares/ST/STM32_USB_Host_Library/Core/Src/usbh_ctlreq.o
 .debug_aranges
                0x0000000000000d40       0x60 Middlewares/ST/STM32_USB_Host_Library/Core/Src/usbh_ioreq.o
 .debug_aranges
                0x0000000000000da0       0x40 Middlewares/ST/STM32_USB_Host_Library/Core/Src/usbh_pipes.o
 .debug_aranges
                0x0000000000000de0       0x50 Src/main.o
 .debug_aranges
                0x0000000000000e30       0x50 Src/stm32f4xx_hal_msp.o
 .debug_aranges
                0x0000000000000e80       0x70 Src/stm32f4xx_it.o
 .debug_aranges
                0x0000000000000ef0       0xb0 Src/syscalls.o
 .debug_aranges
                0x0000000000000fa0       0x28 Src/system_stm32f4xx.o
 .debug_aranges
                0x0000000000000fc8       0x30 Src/usb_host.o
 .debug_aranges
                0x0000000000000ff8       0xd8 Src/usbh_conf.o
 .debug_aranges
                0x00000000000010d0       0x20 Src/usbh_platform.o
 .debug_aranges
                0x00000000000010f0       0x28 startup/startup_stm32f407xx.o

.debug_ranges   0x0000000000000000     0x1038
 .debug_ranges  0x0000000000000000       0xe0 Drivers/STM32F4xx_HAL_Driver/Src/stm32f4xx_hal.o
 .debug_ranges  0x00000000000000e0       0xf8 Drivers/STM32F4xx_HAL_Driver/Src/stm32f4xx_hal_cortex.o
 .debug_ranges  0x00000000000001d8       0x48 Drivers/STM32F4xx_HAL_Driver/Src/stm32f4xx_hal_gpio.o
 .debug_ranges  0x0000000000000220       0xe0 Drivers/STM32F4xx_HAL_Driver/Src/stm32f4xx_hal_hcd.o
 .debug_ranges  0x0000000000000300      0x298 Drivers/STM32F4xx_HAL_Driver/Src/stm32f4xx_hal_i2c.o
 .debug_ranges  0x0000000000000598       0xf8 Drivers/STM32F4xx_HAL_Driver/Src/stm32f4xx_hal_i2s.o
 .debug_ranges  0x0000000000000690       0x90 Drivers/STM32F4xx_HAL_Driver/Src/stm32f4xx_hal_i2s_ex.o
 .debug_ranges  0x0000000000000720       0x90 Drivers/STM32F4xx_HAL_Driver/Src/stm32f4xx_hal_rcc.o
 .debug_ranges  0x00000000000007b0       0x38 Drivers/STM32F4xx_HAL_Driver/Src/stm32f4xx_hal_rcc_ex.o
 .debug_ranges  0x00000000000007e8      0x1c0 Drivers/STM32F4xx_HAL_Driver/Src/stm32f4xx_hal_spi.o
 .debug_ranges  0x00000000000009a8      0x188 Drivers/STM32F4xx_HAL_Driver/Src/stm32f4xx_ll_usb.o
 .debug_ranges  0x0000000000000b30       0x98 Middlewares/ST/STM32_USB_Host_Library/Class/CDC/Src/usbh_cdc.o
 .debug_ranges  0x0000000000000bc8       0xb0 Middlewares/ST/STM32_USB_Host_Library/Core/Src/usbh_core.o
 .debug_ranges  0x0000000000000c78       0x90 Middlewares/ST/STM32_USB_Host_Library/Core/Src/usbh_ctlreq.o
 .debug_ranges  0x0000000000000d08       0x50 Middlewares/ST/STM32_USB_Host_Library/Core/Src/usbh_ioreq.o
 .debug_ranges  0x0000000000000d58       0x30 Middlewares/ST/STM32_USB_Host_Library/Core/Src/usbh_pipes.o
 .debug_ranges  0x0000000000000d88       0x40 Src/main.o
 .debug_ranges  0x0000000000000dc8       0x40 Src/stm32f4xx_hal_msp.o
 .debug_ranges  0x0000000000000e08       0x60 Src/stm32f4xx_it.o
 .debug_ranges  0x0000000000000e68       0xa0 Src/syscalls.o
 .debug_ranges  0x0000000000000f08       0x18 Src/system_stm32f4xx.o
 .debug_ranges  0x0000000000000f20       0x20 Src/usb_host.o
 .debug_ranges  0x0000000000000f40       0xc8 Src/usbh_conf.o
 .debug_ranges  0x0000000000001008       0x10 Src/usbh_platform.o
 .debug_ranges  0x0000000000001018       0x20 startup/startup_stm32f407xx.o

.debug_macro    0x0000000000000000    0x24701
 .debug_macro   0x0000000000000000      0x266 Drivers/STM32F4xx_HAL_Driver/Src/stm32f4xx_hal.o
 .debug_macro   0x0000000000000266      0xa60 Drivers/STM32F4xx_HAL_Driver/Src/stm32f4xx_hal.o
 .debug_macro   0x0000000000000cc6      0x196 Drivers/STM32F4xx_HAL_Driver/Src/stm32f4xx_hal.o
 .debug_macro   0x0000000000000e5c       0x32 Drivers/STM32F4xx_HAL_Driver/Src/stm32f4xx_hal.o
 .debug_macro   0x0000000000000e8e       0x2f Drivers/STM32F4xx_HAL_Driver/Src/stm32f4xx_hal.o
 .debug_macro   0x0000000000000ebd       0x22 Drivers/STM32F4xx_HAL_Driver/Src/stm32f4xx_hal.o
 .debug_macro   0x0000000000000edf       0x8e Drivers/STM32F4xx_HAL_Driver/Src/stm32f4xx_hal.o
 .debug_macro   0x0000000000000f6d       0x51 Drivers/STM32F4xx_HAL_Driver/Src/stm32f4xx_hal.o
 .debug_macro   0x0000000000000fbe       0xef Drivers/STM32F4xx_HAL_Driver/Src/stm32f4xx_hal.o
 .debug_macro   0x00000000000010ad       0x6a Drivers/STM32F4xx_HAL_Driver/Src/stm32f4xx_hal.o
 .debug_macro   0x0000000000001117      0x1df Drivers/STM32F4xx_HAL_Driver/Src/stm32f4xx_hal.o
 .debug_macro   0x00000000000012f6       0x1c Drivers/STM32F4xx_HAL_Driver/Src/stm32f4xx_hal.o
 .debug_macro   0x0000000000001312       0x22 Drivers/STM32F4xx_HAL_Driver/Src/stm32f4xx_hal.o
 .debug_macro   0x0000000000001334       0xdf Drivers/STM32F4xx_HAL_Driver/Src/stm32f4xx_hal.o
 .debug_macro   0x0000000000001413     0x102d Drivers/STM32F4xx_HAL_Driver/Src/stm32f4xx_hal.o
 .debug_macro   0x0000000000002440      0x11f Drivers/STM32F4xx_HAL_Driver/Src/stm32f4xx_hal.o
 .debug_macro   0x000000000000255f    0x15e43 Drivers/STM32F4xx_HAL_Driver/Src/stm32f4xx_hal.o
 .debug_macro   0x00000000000183a2       0x43 Drivers/STM32F4xx_HAL_Driver/Src/stm32f4xx_hal.o
 .debug_macro   0x00000000000183e5     0x35d4 Drivers/STM32F4xx_HAL_Driver/Src/stm32f4xx_hal.o
 .debug_macro   0x000000000001b9b9      0x174 Drivers/STM32F4xx_HAL_Driver/Src/stm32f4xx_hal.o
 .debug_macro   0x000000000001bb2d       0x4e Drivers/STM32F4xx_HAL_Driver/Src/stm32f4xx_hal.o
 .debug_macro   0x000000000001bb7b      0x96b Drivers/STM32F4xx_HAL_Driver/Src/stm32f4xx_hal.o
 .debug_macro   0x000000000001c4e6      0x9fe Drivers/STM32F4xx_HAL_Driver/Src/stm32f4xx_hal.o
 .debug_macro   0x000000000001cee4       0xed Drivers/STM32F4xx_HAL_Driver/Src/stm32f4xx_hal.o
 .debug_macro   0x000000000001cfd1      0x117 Drivers/STM32F4xx_HAL_Driver/Src/stm32f4xx_hal.o
 .debug_macro   0x000000000001d0e8      0x13e Drivers/STM32F4xx_HAL_Driver/Src/stm32f4xx_hal.o
 .debug_macro   0x000000000001d226       0x27 Drivers/STM32F4xx_HAL_Driver/Src/stm32f4xx_hal.o
 .debug_macro   0x000000000001d24d      0x287 Drivers/STM32F4xx_HAL_Driver/Src/stm32f4xx_hal.o
 .debug_macro   0x000000000001d4d4       0x5f Drivers/STM32F4xx_HAL_Driver/Src/stm32f4xx_hal.o
 .debug_macro   0x000000000001d533      0x236 Drivers/STM32F4xx_HAL_Driver/Src/stm32f4xx_hal.o
 .debug_macro   0x000000000001d769      0x12c Drivers/STM32F4xx_HAL_Driver/Src/stm32f4xx_hal.o
 .debug_macro   0x000000000001d895      0x21e Drivers/STM32F4xx_HAL_Driver/Src/stm32f4xx_hal.o
 .debug_macro   0x000000000001dab3       0x2e Drivers/STM32F4xx_HAL_Driver/Src/stm32f4xx_hal.o
 .debug_macro   0x000000000001dae1      0x1ae Drivers/STM32F4xx_HAL_Driver/Src/stm32f4xx_hal.o
 .debug_macro   0x000000000001dc8f       0xd6 Drivers/STM32F4xx_HAL_Driver/Src/stm32f4xx_hal.o
 .debug_macro   0x000000000001dd65      0x199 Drivers/STM32F4xx_HAL_Driver/Src/stm32f4xx_hal.o
 .debug_macro   0x000000000001defe       0x40 Drivers/STM32F4xx_HAL_Driver/Src/stm32f4xx_hal.o
 .debug_macro   0x000000000001df3e       0x4a Drivers/STM32F4xx_HAL_Driver/Src/stm32f4xx_hal.o
 .debug_macro   0x000000000001df88      0x11a Drivers/STM32F4xx_HAL_Driver/Src/stm32f4xx_hal.o
 .debug_macro   0x000000000001e0a2       0x7e Drivers/STM32F4xx_HAL_Driver/Src/stm32f4xx_hal.o
 .debug_macro   0x000000000001e120       0x89 Drivers/STM32F4xx_HAL_Driver/Src/stm32f4xx_hal.o
 .debug_macro   0x000000000001e1a9      0x225 Drivers/STM32F4xx_HAL_Driver/Src/stm32f4xx_hal.o
 .debug_macro   0x000000000001e3ce      0x225 Drivers/STM32F4xx_HAL_Driver/Src/stm32f4xx_hal.o
 .debug_macro   0x000000000001e5f3       0x68 Drivers/STM32F4xx_HAL_Driver/Src/stm32f4xx_hal.o
 .debug_macro   0x000000000001e65b      0x12d Drivers/STM32F4xx_HAL_Driver/Src/stm32f4xx_hal.o
 .debug_macro   0x000000000001e788      0x206 Drivers/STM32F4xx_HAL_Driver/Src/stm32f4xx_hal_cortex.o
 .debug_macro   0x000000000001e98e      0x23c Drivers/STM32F4xx_HAL_Driver/Src/stm32f4xx_hal_gpio.o
 .debug_macro   0x000000000001ebca      0x206 Drivers/STM32F4xx_HAL_Driver/Src/stm32f4xx_hal_hcd.o
 .debug_macro   0x000000000001edd0      0x246 Drivers/STM32F4xx_HAL_Driver/Src/stm32f4xx_hal_i2c.o
 .debug_macro   0x000000000001f016      0x207 Drivers/STM32F4xx_HAL_Driver/Src/stm32f4xx_hal_i2s.o
 .debug_macro   0x000000000001f21d      0x206 Drivers/STM32F4xx_HAL_Driver/Src/stm32f4xx_hal_i2s_ex.o
 .debug_macro   0x000000000001f423      0x22a Drivers/STM32F4xx_HAL_Driver/Src/stm32f4xx_hal_rcc.o
 .debug_macro   0x000000000001f64d      0x206 Drivers/STM32F4xx_HAL_Driver/Src/stm32f4xx_hal_rcc_ex.o
 .debug_macro   0x000000000001f853      0x215 Drivers/STM32F4xx_HAL_Driver/Src/stm32f4xx_hal_spi.o
 .debug_macro   0x000000000001fa68      0x206 Drivers/STM32F4xx_HAL_Driver/Src/stm32f4xx_ll_usb.o
 .debug_macro   0x000000000001fc6e      0x426 Middlewares/ST/STM32_USB_Host_Library/Class/CDC/Src/usbh_cdc.o
 .debug_macro   0x0000000000020094       0x58 Middlewares/ST/STM32_USB_Host_Library/Class/CDC/Src/usbh_cdc.o
 .debug_macro   0x00000000000200ec       0x18 Middlewares/ST/STM32_USB_Host_Library/Class/CDC/Src/usbh_cdc.o
 .debug_macro   0x0000000000020104       0x94 Middlewares/ST/STM32_USB_Host_Library/Class/CDC/Src/usbh_cdc.o
 .debug_macro   0x0000000000020198       0x35 Middlewares/ST/STM32_USB_Host_Library/Class/CDC/Src/usbh_cdc.o
 .debug_macro   0x00000000000201cd       0x34 Middlewares/ST/STM32_USB_Host_Library/Class/CDC/Src/usbh_cdc.o
 .debug_macro   0x0000000000020201       0x16 Middlewares/ST/STM32_USB_Host_Library/Class/CDC/Src/usbh_cdc.o
 .debug_macro   0x0000000000020217       0x57 Middlewares/ST/STM32_USB_Host_Library/Class/CDC/Src/usbh_cdc.o
 .debug_macro   0x000000000002026e       0x97 Middlewares/ST/STM32_USB_Host_Library/Class/CDC/Src/usbh_cdc.o
 .debug_macro   0x0000000000020305      0x330 Middlewares/ST/STM32_USB_Host_Library/Class/CDC/Src/usbh_cdc.o
 .debug_macro   0x0000000000020635       0xfd Middlewares/ST/STM32_USB_Host_Library/Class/CDC/Src/usbh_cdc.o
 .debug_macro   0x0000000000020732       0x10 Middlewares/ST/STM32_USB_Host_Library/Class/CDC/Src/usbh_cdc.o
 .debug_macro   0x0000000000020742       0x58 Middlewares/ST/STM32_USB_Host_Library/Class/CDC/Src/usbh_cdc.o
 .debug_macro   0x000000000002079a       0x1f Middlewares/ST/STM32_USB_Host_Library/Class/CDC/Src/usbh_cdc.o
 .debug_macro   0x00000000000207b9       0x43 Middlewares/ST/STM32_USB_Host_Library/Class/CDC/Src/usbh_cdc.o
 .debug_macro   0x00000000000207fc       0x20 Middlewares/ST/STM32_USB_Host_Library/Class/CDC/Src/usbh_cdc.o
 .debug_macro   0x000000000002081c      0x18e Middlewares/ST/STM32_USB_Host_Library/Class/CDC/Src/usbh_cdc.o
 .debug_macro   0x00000000000209aa       0x10 Middlewares/ST/STM32_USB_Host_Library/Class/CDC/Src/usbh_cdc.o
 .debug_macro   0x00000000000209ba       0x1c Middlewares/ST/STM32_USB_Host_Library/Class/CDC/Src/usbh_cdc.o
 .debug_macro   0x00000000000209d6       0x52 Middlewares/ST/STM32_USB_Host_Library/Class/CDC/Src/usbh_cdc.o
 .debug_macro   0x0000000000020a28       0x40 Middlewares/ST/STM32_USB_Host_Library/Class/CDC/Src/usbh_cdc.o
 .debug_macro   0x0000000000020a68       0x10 Middlewares/ST/STM32_USB_Host_Library/Class/CDC/Src/usbh_cdc.o
 .debug_macro   0x0000000000020a78       0x40 Middlewares/ST/STM32_USB_Host_Library/Class/CDC/Src/usbh_cdc.o
 .debug_macro   0x0000000000020ab8       0xd7 Middlewares/ST/STM32_USB_Host_Library/Class/CDC/Src/usbh_cdc.o
 .debug_macro   0x0000000000020b8f       0x1c Middlewares/ST/STM32_USB_Host_Library/Class/CDC/Src/usbh_cdc.o
 .debug_macro   0x0000000000020bab       0x3d Middlewares/ST/STM32_USB_Host_Library/Class/CDC/Src/usbh_cdc.o
 .debug_macro   0x0000000000020be8       0x16 Middlewares/ST/STM32_USB_Host_Library/Class/CDC/Src/usbh_cdc.o
 .debug_macro   0x0000000000020bfe      0x16f Middlewares/ST/STM32_USB_Host_Library/Class/CDC/Src/usbh_cdc.o
 .debug_macro   0x0000000000020d6d       0x16 Middlewares/ST/STM32_USB_Host_Library/Class/CDC/Src/usbh_cdc.o
 .debug_macro   0x0000000000020d83       0x35 Middlewares/ST/STM32_USB_Host_Library/Class/CDC/Src/usbh_cdc.o
 .debug_macro   0x0000000000020db8       0x16 Middlewares/ST/STM32_USB_Host_Library/Class/CDC/Src/usbh_cdc.o
 .debug_macro   0x0000000000020dce       0x29 Middlewares/ST/STM32_USB_Host_Library/Class/CDC/Src/usbh_cdc.o
 .debug_macro   0x0000000000020df7       0x16 Middlewares/ST/STM32_USB_Host_Library/Class/CDC/Src/usbh_cdc.o
 .debug_macro   0x0000000000020e0d       0xd9 Middlewares/ST/STM32_USB_Host_Library/Class/CDC/Src/usbh_cdc.o
 .debug_macro   0x0000000000020ee6      0x184 Middlewares/ST/STM32_USB_Host_Library/Class/CDC/Src/usbh_cdc.o
 .debug_macro   0x000000000002106a       0x73 Middlewares/ST/STM32_USB_Host_Library/Class/CDC/Src/usbh_cdc.o
 .debug_macro   0x00000000000210dd      0x210 Middlewares/ST/STM32_USB_Host_Library/Class/CDC/Src/usbh_cdc.o
 .debug_macro   0x00000000000212ed       0x2e Middlewares/ST/STM32_USB_Host_Library/Class/CDC/Src/usbh_cdc.o
 .debug_macro   0x000000000002131b       0x2e Middlewares/ST/STM32_USB_Host_Library/Class/CDC/Src/usbh_cdc.o
 .debug_macro   0x0000000000021349       0x28 Middlewares/ST/STM32_USB_Host_Library/Class/CDC/Src/usbh_cdc.o
 .debug_macro   0x0000000000021371      0x15c Middlewares/ST/STM32_USB_Host_Library/Class/CDC/Src/usbh_cdc.o
 .debug_macro   0x00000000000214cd      0x423 Middlewares/ST/STM32_USB_Host_Library/Core/Src/usbh_core.o
 .debug_macro   0x00000000000218f0      0x41b Middlewares/ST/STM32_USB_Host_Library/Core/Src/usbh_ctlreq.o
 .debug_macro   0x0000000000021d0b       0x28 Middlewares/ST/STM32_USB_Host_Library/Core/Src/usbh_ctlreq.o
 .debug_macro   0x0000000000021d33      0x415 Middlewares/ST/STM32_USB_Host_Library/Core/Src/usbh_ioreq.o
 .debug_macro   0x0000000000022148      0x415 Middlewares/ST/STM32_USB_Host_Library/Core/Src/usbh_pipes.o
 .debug_macro   0x000000000002255d      0x21f Src/main.o
 .debug_macro   0x000000000002277c      0x215 Src/stm32f4xx_hal_msp.o
 .debug_macro   0x0000000000022991      0x21f Src/stm32f4xx_it.o
 .debug_macro   0x0000000000022bb0      0x243 Src/syscalls.o
 .debug_macro   0x0000000000022df3       0x10 Src/syscalls.o
 .debug_macro   0x0000000000022e03       0x10 Src/syscalls.o
 .debug_macro   0x0000000000022e13       0x10 Src/syscalls.o
 .debug_macro   0x0000000000022e23       0x35 Src/syscalls.o
 .debug_macro   0x0000000000022e58      0x122 Src/syscalls.o
 .debug_macro   0x0000000000022f7a       0x10 Src/syscalls.o
 .debug_macro   0x0000000000022f8a      0x241 Src/syscalls.o
 .debug_macro   0x00000000000231cb       0x1c Src/syscalls.o
 .debug_macro   0x00000000000231e7       0x10 Src/syscalls.o
 .debug_macro   0x00000000000231f7      0x189 Src/syscalls.o
 .debug_macro   0x0000000000023380       0x16 Src/syscalls.o
 .debug_macro   0x0000000000023396       0x88 Src/syscalls.o
 .debug_macro   0x000000000002341e      0x20c Src/system_stm32f4xx.o
 .debug_macro   0x000000000002362a      0x424 Src/usb_host.o
 .debug_macro   0x0000000000023a4e       0x5e Src/usb_host.o
 .debug_macro   0x0000000000023aac      0x32a Src/usb_host.o
 .debug_macro   0x0000000000023dd6      0x18a Src/usb_host.o
 .debug_macro   0x0000000000023f60      0x162 Src/usb_host.o
 .debug_macro   0x00000000000240c2      0x425 Src/usbh_conf.o
 .debug_macro   0x00000000000244e7      0x21a Src/usbh_platform.o

.debug_line     0x0000000000000000    0x12f8c
 .debug_line    0x0000000000000000      0xaba Drivers/STM32F4xx_HAL_Driver/Src/stm32f4xx_hal.o
 .debug_line    0x0000000000000aba      0xb10 Drivers/STM32F4xx_HAL_Driver/Src/stm32f4xx_hal_cortex.o
 .debug_line    0x00000000000015ca      0xa46 Drivers/STM32F4xx_HAL_Driver/Src/stm32f4xx_hal_gpio.o
 .debug_line    0x0000000000002010      0xce5 Drivers/STM32F4xx_HAL_Driver/Src/stm32f4xx_hal_hcd.o
 .debug_line    0x0000000000002cf5     0x1dec Drivers/STM32F4xx_HAL_Driver/Src/stm32f4xx_hal_i2c.o
 .debug_line    0x0000000000004ae1      0xe6b Drivers/STM32F4xx_HAL_Driver/Src/stm32f4xx_hal_i2s.o
 .debug_line    0x000000000000594c      0xe96 Drivers/STM32F4xx_HAL_Driver/Src/stm32f4xx_hal_i2s_ex.o
 .debug_line    0x00000000000067e2      0xb32 Drivers/STM32F4xx_HAL_Driver/Src/stm32f4xx_hal_rcc.o
 .debug_line    0x0000000000007314      0x9d6 Drivers/STM32F4xx_HAL_Driver/Src/stm32f4xx_hal_rcc_ex.o
 .debug_line    0x0000000000007cea     0x12ff Drivers/STM32F4xx_HAL_Driver/Src/stm32f4xx_hal_spi.o
 .debug_line    0x0000000000008fe9      0xf8b Drivers/STM32F4xx_HAL_Driver/Src/stm32f4xx_ll_usb.o
 .debug_line    0x0000000000009f74      0xe29 Middlewares/ST/STM32_USB_Host_Library/Class/CDC/Src/usbh_cdc.o
 .debug_line    0x000000000000ad9d      0xe24 Middlewares/ST/STM32_USB_Host_Library/Core/Src/usbh_core.o
 .debug_line    0x000000000000bbc1      0xe22 Middlewares/ST/STM32_USB_Host_Library/Core/Src/usbh_ctlreq.o
 .debug_line    0x000000000000c9e3      0xbe2 Middlewares/ST/STM32_USB_Host_Library/Core/Src/usbh_ioreq.o
 .debug_line    0x000000000000d5c5      0xb98 Middlewares/ST/STM32_USB_Host_Library/Core/Src/usbh_pipes.o
 .debug_line    0x000000000000e15d      0x9b5 Src/main.o
 .debug_line    0x000000000000eb12      0x96a Src/stm32f4xx_hal_msp.o
 .debug_line    0x000000000000f47c      0x96f Src/stm32f4xx_it.o
 .debug_line    0x000000000000fdeb      0x659 Src/syscalls.o
 .debug_line    0x0000000000010444      0x8e2 Src/system_stm32f4xx.o
 .debug_line    0x0000000000010d26      0xbf7 Src/usb_host.o
 .debug_line    0x000000000001191d      0xd1f Src/usbh_conf.o
 .debug_line    0x000000000001263c      0x8d1 Src/usbh_platform.o
 .debug_line    0x0000000000012f0d       0x7f startup/startup_stm32f407xx.o

.debug_str      0x0000000000000000    0xca993
 .debug_str     0x0000000000000000    0xbefc8 Drivers/STM32F4xx_HAL_Driver/Src/stm32f4xx_hal.o
                                      0xbf354 (size before relaxing)
 .debug_str     0x00000000000befc8      0x3a1 Drivers/STM32F4xx_HAL_Driver/Src/stm32f4xx_hal_cortex.o
                                      0xbf08a (size before relaxing)
 .debug_str     0x00000000000bf369      0x28c Drivers/STM32F4xx_HAL_Driver/Src/stm32f4xx_hal_gpio.o
                                      0xbea0d (size before relaxing)
 .debug_str     0x00000000000bf5f5      0x87f Drivers/STM32F4xx_HAL_Driver/Src/stm32f4xx_hal_hcd.o
                                      0xbef4c (size before relaxing)
 .debug_str     0x00000000000bfe74      0xeff Drivers/STM32F4xx_HAL_Driver/Src/stm32f4xx_hal_i2c.o
                                      0xbf754 (size before relaxing)
 .debug_str     0x00000000000c0d73      0x449 Drivers/STM32F4xx_HAL_Driver/Src/stm32f4xx_hal_i2s.o
                                      0xbedb2 (size before relaxing)
 .debug_str     0x00000000000c11bc      0x1f1 Drivers/STM32F4xx_HAL_Driver/Src/stm32f4xx_hal_i2s_ex.o
                                      0xbecf3 (size before relaxing)
 .debug_str     0x00000000000c13ad      0x364 Drivers/STM32F4xx_HAL_Driver/Src/stm32f4xx_hal_rcc.o
                                      0xbebd7 (size before relaxing)
 .debug_str     0x00000000000c1711      0x15e Drivers/STM32F4xx_HAL_Driver/Src/stm32f4xx_hal_rcc_ex.o
                                      0xbe91c (size before relaxing)
 .debug_str     0x00000000000c186f      0x688 Drivers/STM32F4xx_HAL_Driver/Src/stm32f4xx_hal_spi.o
                                      0xbf078 (size before relaxing)
 .debug_str     0x00000000000c1ef7      0x502 Drivers/STM32F4xx_HAL_Driver/Src/stm32f4xx_ll_usb.o
                                      0xbf0ac (size before relaxing)
 .debug_str     0x00000000000c23f9     0x6aa6 Middlewares/ST/STM32_USB_Host_Library/Class/CDC/Src/usbh_cdc.o
                                      0xc522c (size before relaxing)
 .debug_str     0x00000000000c8e9f      0x2fa Middlewares/ST/STM32_USB_Host_Library/Core/Src/usbh_core.o
                                      0xc472f (size before relaxing)
 .debug_str     0x00000000000c9199      0x1db Middlewares/ST/STM32_USB_Host_Library/Core/Src/usbh_ctlreq.o
                                      0xc46bf (size before relaxing)
 .debug_str     0x00000000000c9374       0xb2 Middlewares/ST/STM32_USB_Host_Library/Core/Src/usbh_ioreq.o
                                      0xc44f4 (size before relaxing)
 .debug_str     0x00000000000c9426       0x80 Middlewares/ST/STM32_USB_Host_Library/Core/Src/usbh_pipes.o
                                      0xc448a (size before relaxing)
 .debug_str     0x00000000000c94a6       0xd5 Src/main.o
                                      0xbfe1b (size before relaxing)
 .debug_str     0x00000000000c957b       0x1b Src/stm32f4xx_hal_msp.o
                                      0xbf6a7 (size before relaxing)
 .debug_str     0x00000000000c9596       0xeb Src/stm32f4xx_it.o
                                      0xbf181 (size before relaxing)
 .debug_str     0x00000000000c9681     0x112b Src/syscalls.o
                                       0x8616 (size before relaxing)