Archive member included to satisfy reference by file (symbol)

/media/kaushik/localDiskB/MasteringMCU/systemWorkbench/plugins/fr.ac6.mcu.externaltools.arm-none.linux64_1.17.0.201812190825/tools/compiler/bin/../lib/gcc/arm-none-eabi/7.3.1/../../../../arm-none-eabi/lib/thumb/v7e-m/fpv4-sp/hard/libc.a(lib_a-exit.o)
                              /media/kaushik/localDiskB/MasteringMCU/systemWorkbench/plugins/fr.ac6.mcu.externaltools.arm-none.linux64_1.17.0.201812190825/tools/compiler/bin/../lib/gcc/arm-none-eabi/7.3.1/../../../../arm-none-eabi/lib/thumb/v7e-m/fpv4-sp/hard/rdimon-crt0.o (exit)
/media/kaushik/localDiskB/MasteringMCU/systemWorkbench/plugins/fr.ac6.mcu.externaltools.arm-none.linux64_1.17.0.201812190825/tools/compiler/bin/../lib/gcc/arm-none-eabi/7.3.1/../../../../arm-none-eabi/lib/thumb/v7e-m/fpv4-sp/hard/libc.a(lib_a-impure.o)
                              /media/kaushik/localDiskB/MasteringMCU/systemWorkbench/plugins/fr.ac6.mcu.externaltools.arm-none.linux64_1.17.0.201812190825/tools/compiler/bin/../lib/gcc/arm-none-eabi/7.3.1/../../../../arm-none-eabi/lib/thumb/v7e-m/fpv4-sp/hard/libc.a(lib_a-exit.o) (_global_impure_ptr)
/media/kaushik/localDiskB/MasteringMCU/systemWorkbench/plugins/fr.ac6.mcu.externaltools.arm-none.linux64_1.17.0.201812190825/tools/compiler/bin/../lib/gcc/arm-none-eabi/7.3.1/../../../../arm-none-eabi/lib/thumb/v7e-m/fpv4-sp/hard/libc.a(lib_a-init.o)
                              /media/kaushik/localDiskB/MasteringMCU/systemWorkbench/plugins/fr.ac6.mcu.externaltools.arm-none.linux64_1.17.0.201812190825/tools/compiler/bin/../lib/gcc/arm-none-eabi/7.3.1/../../../../arm-none-eabi/lib/thumb/v7e-m/fpv4-sp/hard/rdimon-crt0.o (__libc_init_array)
/media/kaushik/localDiskB/MasteringMCU/systemWorkbench/plugins/fr.ac6.mcu.externaltools.arm-none.linux64_1.17.0.201812190825/tools/compiler/bin/../lib/gcc/arm-none-eabi/7.3.1/../../../../arm-none-eabi/lib/thumb/v7e-m/fpv4-sp/hard/libc.a(lib_a-memset.o)
                              /media/kaushik/localDiskB/MasteringMCU/systemWorkbench/plugins/fr.ac6.mcu.externaltools.arm-none.linux64_1.17.0.201812190825/tools/compiler/bin/../lib/gcc/arm-none-eabi/7.3.1/../../../../arm-none-eabi/lib/thumb/v7e-m/fpv4-sp/hard/rdimon-crt0.o (memset)
/media/kaushik/localDiskB/MasteringMCU/systemWorkbench/plugins/fr.ac6.mcu.externaltools.arm-none.linux64_1.17.0.201812190825/tools/compiler/bin/../lib/gcc/arm-none-eabi/7.3.1/../../../../arm-none-eabi/lib/thumb/v7e-m/fpv4-sp/hard/libc.a(lib_a-__call_atexit.o)
                              /media/kaushik/localDiskB/MasteringMCU/systemWorkbench/plugins/fr.ac6.mcu.externaltools.arm-none.linux64_1.17.0.201812190825/tools/compiler/bin/../lib/gcc/arm-none-eabi/7.3.1/../../../../arm-none-eabi/lib/thumb/v7e-m/fpv4-sp/hard/libc.a(lib_a-exit.o) (__call_exitprocs)
/media/kaushik/localDiskB/MasteringMCU/systemWorkbench/plugins/fr.ac6.mcu.externaltools.arm-none.linux64_1.17.0.201812190825/tools/compiler/bin/../lib/gcc/arm-none-eabi/7.3.1/../../../../arm-none-eabi/lib/thumb/v7e-m/fpv4-sp/hard/libc.a(lib_a-atexit.o)
                              /media/kaushik/localDiskB/MasteringMCU/systemWorkbench/plugins/fr.ac6.mcu.externaltools.arm-none.linux64_1.17.0.201812190825/tools/compiler/bin/../lib/gcc/arm-none-eabi/7.3.1/../../../../arm-none-eabi/lib/thumb/v7e-m/fpv4-sp/hard/libc.a(lib_a-__call_atexit.o) (atexit)
/media/kaushik/localDiskB/MasteringMCU/systemWorkbench/plugins/fr.ac6.mcu.externaltools.arm-none.linux64_1.17.0.201812190825/tools/compiler/bin/../lib/gcc/arm-none-eabi/7.3.1/../../../../arm-none-eabi/lib/thumb/v7e-m/fpv4-sp/hard/libc.a(lib_a-fini.o)
                              /media/kaushik/localDiskB/MasteringMCU/systemWorkbench/plugins/fr.ac6.mcu.externaltools.arm-none.linux64_1.17.0.201812190825/tools/compiler/bin/../lib/gcc/arm-none-eabi/7.3.1/../../../../arm-none-eabi/lib/thumb/v7e-m/fpv4-sp/hard/libc.a(lib_a-__call_atexit.o) (__libc_fini_array)
/media/kaushik/localDiskB/MasteringMCU/systemWorkbench/plugins/fr.ac6.mcu.externaltools.arm-none.linux64_1.17.0.201812190825/tools/compiler/bin/../lib/gcc/arm-none-eabi/7.3.1/../../../../arm-none-eabi/lib/thumb/v7e-m/fpv4-sp/hard/libc.a(lib_a-lock.o)
                              /media/kaushik/localDiskB/MasteringMCU/systemWorkbench/plugins/fr.ac6.mcu.externaltools.arm-none.linux64_1.17.0.201812190825/tools/compiler/bin/../lib/gcc/arm-none-eabi/7.3.1/../../../../arm-none-eabi/lib/thumb/v7e-m/fpv4-sp/hard/libc.a(lib_a-__call_atexit.o) (__retarget_lock_acquire_recursive)
/media/kaushik/localDiskB/MasteringMCU/systemWorkbench/plugins/fr.ac6.mcu.externaltools.arm-none.linux64_1.17.0.201812190825/tools/compiler/bin/../lib/gcc/arm-none-eabi/7.3.1/../../../../arm-none-eabi/lib/thumb/v7e-m/fpv4-sp/hard/libc.a(lib_a-__atexit.o)
[...]
Memory Configuration

Name             Origin             Length             Attributes
RAM              0x0000000020000000 0x0000000000020000 xrw
ROM              0x0000000008000000 0x0000000000100000 xr
*default*        0x0000000000000000 0xffffffffffffffff

Linker script and memory map

LOAD /media/kaushik/localDiskB/MasteringMCU/systemWorkbench/plugins/fr.ac6.mcu.externaltools.arm-none.linux64_1.17.0.201812190825/tools/compiler/bin/../lib/gcc/arm-none-eabi/7.3.1/thumb/v7e-m/fpv4-sp/hard/crti.o
LOAD /media/kaushik/localDiskB/MasteringMCU/systemWorkbench/plugins/fr.ac6.mcu.externaltools.arm-none.linux64_1.17.0.201812190825/tools/compiler/bin/../lib/gcc/arm-none-eabi/7.3.1/thumb/v7e-m/fpv4-sp/hard/crtbegin.o
LOAD /media/kaushik/localDiskB/MasteringMCU/systemWorkbench/plugins/fr.ac6.mcu.externaltools.arm-none.linux64_1.17.0.201812190825/tools/compiler/bin/../lib/gcc/arm-none-eabi/7.3.1/../../../../arm-none-eabi/lib/thumb/v7e-m/fpv4-sp/hard/rdimon-crt0.o
LOAD /media/kaushik/localDiskB/MasteringMCU/systemWorkbench/plugins/fr.ac6.mcu.externaltools.arm-none.linux64_1.17.0.201812190825/tools/compiler/bin/../lib/gcc/arm-none-eabi/7.3.1/../../../../arm-none-eabi/lib/thumb/v7e-m/fpv4-sp/hard/libc.a
LOAD /media/kaushik/localDiskB/MasteringMCU/systemWorkbench/plugins/fr.ac6.mcu.externaltools.arm-none.linux64_1.17.0.201812190825/tools/compiler/bin/../lib/gcc/arm-none-eabi/7.3.1/../../../../arm-none-eabi/lib/thumb/v7e-m/fpv4-sp/hard/librdimon.a
LOAD drivers/src/stm32f407xx_gpio.o
LOAD drivers/src/stm32f407xx_i2c.o
LOAD drivers/src/stm32f407xx_rcc.o
LOAD drivers/src/stm32f407xx_spi.o
LOAD src/i2c_slave_tx_testing.o
LOAD startup/startup_stm32.o
LOAD /media/kaushik/localDiskB/MasteringMCU/systemWorkbench/plugins/fr.ac6.mcu.externaltools.arm-none.linux64_1.17.0.201812190825/tools/compiler/bin/../lib/gcc/arm-none-eabi/7.3.1/../../../../arm-none-eabi/lib/thumb/v7e-m/fpv4-sp/hard/libm.a
START GROUP
LOAD /media/kaushik/localDiskB/MasteringMCU/systemWorkbench/plugins/fr.ac6.mcu.externaltools.arm-none.linux64_1.17.0.201812190825/tools/compiler/bin/../lib/gcc/arm-none-eabi/7.3.1/thumb/v7e-m/fpv4-sp/hard/libgcc.a
LOAD /media/kaushik/localDiskB/MasteringMCU/systemWorkbench/plugins/fr.ac6.mcu.externaltools.arm-none.linux64_1.17.0.201812190825/tools/compiler/bin/../lib/gcc/arm-none-eabi/7.3.1/../../../../arm-none-eabi/lib/thumb/v7e-m/fpv4-sp/hard/libc.a
END GROUP
START GROUP
LOAD /media/kaushik/localDiskB/MasteringMCU/systemWorkbench/plugins/fr.ac6.mcu.externaltools.arm-none.linux64_1.17.0.201812190825/tools/compiler/bin/../lib/gcc/arm-none-eabi/7.3.1/thumb/v7e-m/fpv4-sp/hard/libgcc.a
LOAD /media/kaushik/localDiskB/MasteringMCU/systemWorkbench/plugins/fr.ac6.mcu.externaltools.arm-none.linux64_1.17.0.201812190825/tools/compiler/bin/../lib/gcc/arm-none-eabi/7.3.1/../../../../arm-none-eabi/lib/thumb/v7e-m/fpv4-sp/hard/libc.a
LOAD /media/kaushik/localDiskB/MasteringMCU/systemWorkbench/plugins/fr.ac6.mcu.externaltools.arm-none.linux64_1.17.0.201812190825/tools/compiler/bin/../lib/gcc/arm-none-eabi/7.3.1/../../../../arm-none-eabi/lib/thumb/v7e-m/fpv4-sp/hard/librdimon.a
END GROUP
LOAD /media/kaushik/localDiskB/MasteringMCU/systemWorkbench/plugins/fr.ac6.mcu.externaltools.arm-none.linux64_1.17.0.201812190825/tools/compiler/bin/../lib/gcc/arm-none-eabi/7.3.1/thumb/v7e-m/fpv4-sp/hard/crtend.o
LOAD /media/kaushik/localDiskB/MasteringMCU/systemWorkbench/plugins/fr.ac6.mcu.externaltools.arm-none.linux64_1.17.0.201812190825/tools/compiler/bin/../lib/gcc/arm-none-eabi/7.3.1/thumb/v7e-m/fpv4-sp/hard/crtn.o
                0x0000000020020000                _estack = 0x20020000
                0x0000000000000000                _Min_Heap_Size = 0x0
                0x0000000000000400                _Min_Stack_Size = 0x400

.isr_vector     0x0000000008000000      0x1a8
                0x0000000008000000                . = ALIGN (0x4)
 *(.isr_vector)
 .isr_vector    0x0000000008000000      0x1a8 startup/startup_stm32.o
                0x0000000008000000                g_pfnVectors
                0x00000000080001a8                . = ALIGN (0x4)

.text           0x00000000080001c0     0x134c
                0x00000000080001c0                . = ALIGN (0x4)
 *(.text)
 .text          0x00000000080001c0       0x40 /media/kaushik/localDiskB/MasteringMCU/systemWorkbench/plugins/fr.ac6.mcu.externaltools.arm-none.linux64_1.17.0.201812190825/tools/compiler/bin/../lib/gcc/arm-none-eabi/7.3.1/thumb/v7e-m/fpv4-sp/hard/crtbegin.o
 .text          0x0000000008000200       0xdc /media/kaushik/localDiskB/MasteringMCU/systemWorkbench/plugins/fr.ac6.mcu.externaltools.arm-none.linux64_1.17.0.201812190825/tools/compiler/bin/../lib/gcc/arm-none-eabi/7.3.1/../../../../arm-none-eabi/lib/thumb/v7e-m/fpv4-sp/hard/libc.a(lib_a-strlen.o)
                0x0000000008000200                strlen
 *(.text*)
 .text.__libc_init_array
                0x00000000080002dc       0x48 /media/kaushik/localDiskB/MasteringMCU/systemWorkbench/plugins/fr.ac6.mcu.externaltools.arm-none.linux64_1.17.0.201812190825/tools/compiler/bin/../lib/gcc/arm-none-eabi/7.3.1/../../../../arm-none-eabi/lib/thumb/v7e-m/fpv4-sp/hard/libc.a(lib_a-init.o)
                0x00000000080002dc                __libc_init_array
 .text.startup.register_fini
                0x0000000008000324       0x14 /media/kaushik/localDiskB/MasteringMCU/systemWorkbench/plugins/fr.ac6.mcu.externaltools.arm-none.linux64_1.17.0.201812190825/tools/compiler/bin/../lib/gcc/arm-none-eabi/7.3.1/../../../../arm-none-eabi/lib/thumb/v7e-m/fpv4-sp/hard/libc.a(lib_a-__call_atexit.o)
 .text.atexit   0x0000000008000338        0xc /media/kaushik/localDiskB/MasteringMCU/systemWorkbench/plugins/fr.ac6.mcu.externaltools.arm-none.linux64_1.17.0.201812190825/tools/compiler/bin/../lib/gcc/arm-none-eabi/7.3.1/../../../../arm-none-eabi/lib/thumb/v7e-m/fpv4-sp/hard/libc.a(lib_a-atexit.o)
                0x0000000008000338                atexit
 .text.__libc_fini_array
                0x0000000008000344       0x34 /media/kaushik/localDiskB/MasteringMCU/systemWorkbench/plugins/fr.ac6.mcu.externaltools.arm-none.linux64_1.17.0.201812190825/tools/compiler/bin/../lib/gcc/arm-none-eabi/7.3.1/../../../../arm-none-eabi/lib/thumb/v7e-m/fpv4-sp/hard/libc.a(lib_a-fini.o)
                0x0000000008000344                __libc_fini_array
 .text.__retarget_lock_acquire_recursive
                0x0000000008000378        0x4 /media/kaushik/localDiskB/MasteringMCU/systemWorkbench/plugins/fr.ac6.mcu.externaltools.arm-none.linux64_1.17.0.201812190825/tools/compiler/bin/../lib/gcc/arm-none-eabi/7.3.1/../../../../arm-none-eabi/lib/thumb/v7e-m/fpv4-sp/hard/libc.a(lib_a-lock.o)
                0x0000000008000378                __retarget_lock_acquire_recursive
 .text.__retarget_lock_release_recursive
                0x000000000800037c        0x4 /media/kaushik/localDiskB/MasteringMCU/systemWorkbench/plugins/fr.ac6.mcu.externaltools.arm-none.linux64_1.17.0.201812190825/tools/compiler/bin/../lib/gcc/arm-none-eabi/7.3.1/../../../../arm-none-eabi/lib/thumb/v7e-m/fpv4-sp/hard/libc.a(lib_a-lock.o)
                0x000000000800037c                __retarget_lock_release_recursive
 .text.__register_exitproc
                0x0000000008000380       0xc0 /media/kaushik/localDiskB/MasteringMCU/systemWorkbench/plugins/fr.ac6.mcu.externaltools.arm-none.linux64_1.17.0.201812190825/tools/compiler/bin/../lib/gcc/arm-none-eabi/7.3.1/../../../../arm-none-eabi/lib/thumb/v7e-m/fpv4-sp/hard/libc.a(lib_a-__atexit.o)
                0x0000000008000380                __register_exitproc
 .text.GPIO_PeriClockControl
                0x0000000008000440      0x150 drivers/src/stm32f407xx_gpio.o
                0x0000000008000440                GPIO_PeriClockControl
 .text.GPIO_Init
                0x0000000008000590      0x330 drivers/src/stm32f407xx_gpio.o
                0x0000000008000590                GPIO_Init
 .text.I2C_PeripheralControl
                0x00000000080008c0       0x38 drivers/src/stm32f407xx_i2c.o
                0x00000000080008c0                I2C_PeripheralControl
 .text.I2C_PeriClockControl
                0x00000000080008f8       0xa0 drivers/src/stm32f407xx_i2c.o
                0x00000000080008f8                I2C_PeriClockControl
 .text.I2C_Init
                0x0000000008000998      0x168 drivers/src/stm32f407xx_i2c.o
                0x0000000008000998                I2C_Init
 .text.I2C_ExecuteAddressPhaseWrite
                0x0000000008000b00       0x2c drivers/src/stm32f407xx_i2c.o
 .text.I2C_ManageAcking
                0x0000000008000b2c       0x38 drivers/src/stm32f407xx_i2c.o
                0x0000000008000b2c                I2C_ManageAcking
 .text.I2C_ClearADDRFlag
                0x0000000008000b64       0x6e drivers/src/stm32f407xx_i2c.o
 .text.I2C_GenerateStopCondition
                0x0000000008000bd2       0x20 drivers/src/stm32f407xx_i2c.o
                0x0000000008000bd2                I2C_GenerateStopCondition
 .text.I2C_ExecuteAddressPhaseRead
                0x0000000008000bf2       0x2c drivers/src/stm32f407xx_i2c.o
 *fill*         0x0000000008000c1e        0x2 
 .text.I2C_IRQInterruptConfig
                0x0000000008000c20      0x10c drivers/src/stm32f407xx_i2c.o
                0x0000000008000c20                I2C_IRQInterruptConfig
 .text.I2C_MasterHandleTXEInterrupt
                0x0000000008000d2c       0x3c drivers/src/stm32f407xx_i2c.o
 .text.I2C_MasterHandleRXNEInterrupt
                0x0000000008000d68       0x98 drivers/src/stm32f407xx_i2c.o
 .text.I2C_CloseReceiveData
                0x0000000008000e00       0x5c drivers/src/stm32f407xx_i2c.o
                0x0000000008000e00                I2C_CloseReceiveData
 .text.I2C_CloseSendData
                0x0000000008000e5c       0x46 drivers/src/stm32f407xx_i2c.o
                0x0000000008000e5c                I2C_CloseSendData
 .text.I2C_SlaveSendData
                0x0000000008000ea2       0x1e drivers/src/stm32f407xx_i2c.o
                0x0000000008000ea2                I2C_SlaveSendData
 .text.I2C_SlaveReceiveData
                0x0000000008000ec0       0x1a drivers/src/stm32f407xx_i2c.o
                0x0000000008000ec0                I2C_SlaveReceiveData
 .text.I2C_EV_IRQHandling
                0x0000000008000eda      0x1b8 drivers/src/stm32f407xx_i2c.o
                0x0000000008000eda                I2C_EV_IRQHandling
 .text.I2C_ER_IRQHandling
                0x0000000008001092      0x10c drivers/src/stm32f407xx_i2c.o
                0x0000000008001092                I2C_ER_IRQHandling
 .text.I2C_SlaveEnableDisableCallbackEvents
                0x000000000800119e       0x68 drivers/src/stm32f407xx_i2c.o
                0x000000000800119e                I2C_SlaveEnableDisableCallbackEvents
 .text.RCC_GetPLLOutputClock
                0x0000000008001206       0x10 drivers/src/stm32f407xx_rcc.o
                0x0000000008001206                RCC_GetPLLOutputClock
 *fill*         0x0000000008001216        0x2 
 .text.RCC_GetPCLK1Value
                0x0000000008001218       0xb0 drivers/src/stm32f407xx_rcc.o
                0x0000000008001218                RCC_GetPCLK1Value
 .text.I2C1_GPIOInits
                0x00000000080012c8       0x44 src/i2c_slave_tx_testing.o
                0x00000000080012c8                I2C1_GPIOInits
 .text.I2C1_Inits
                0x000000000800130c       0x38 src/i2c_slave_tx_testing.o
                0x000000000800130c                I2C1_Inits
 .text.GPIO_ButtonInit
                0x0000000008001344       0x5c src/i2c_slave_tx_testing.o
                0x0000000008001344                GPIO_ButtonInit
 .text.main     0x00000000080013a0       0x40 src/i2c_slave_tx_testing.o
                0x00000000080013a0                main
 .text.I2C1_EV_IRQHandler
                0x00000000080013e0       0x14 src/i2c_slave_tx_testing.o
                0x00000000080013e0                I2C1_EV_IRQHandler
 .text.I2C1_ER_IRQHandler
                0x00000000080013f4       0x14 src/i2c_slave_tx_testing.o
                0x00000000080013f4                I2C1_ER_IRQHandler
 .text.I2C_ApplicationEventCallback
                0x0000000008001408       0x98 src/i2c_slave_tx_testing.o
                0x0000000008001408                I2C_ApplicationEventCallback
 .text.Reset_Handler
                0x00000000080014a0       0x50 startup/startup_stm32.o
                0x00000000080014a0                Reset_Handler
 .text.Default_Handler
                0x00000000080014f0        0x2 startup/startup_stm32.o
                0x00000000080014f0                RTC_Alarm_IRQHandler
                0x00000000080014f0                HASH_RNG_IRQHandler
                0x00000000080014f0                EXTI2_IRQHandler
                0x00000000080014f0                TIM8_CC_IRQHandler
                0x00000000080014f0                DebugMon_Handler
                0x00000000080014f0                TIM1_CC_IRQHandler
                0x00000000080014f0                DMA2_Stream5_IRQHandler
                0x00000000080014f0                HardFault_Handler
                0x00000000080014f0                DMA1_Stream5_IRQHandler
                0x00000000080014f0                SysTick_Handler
                0x00000000080014f0                PVD_IRQHandler
                0x00000000080014f0                SDIO_IRQHandler
                0x00000000080014f0                TAMP_STAMP_IRQHandler
                0x00000000080014f0                PendSV_Handler
                0x00000000080014f0                NMI_Handler
                0x00000000080014f0                CAN2_RX1_IRQHandler
                0x00000000080014f0                EXTI3_IRQHandler
                0x00000000080014f0                TIM8_TRG_COM_TIM14_IRQHandler
                0x00000000080014f0                TIM1_UP_TIM10_IRQHandler
                0x00000000080014f0                TIM8_UP_TIM13_IRQHandler
                0x00000000080014f0                I2C3_ER_IRQHandler
                0x00000000080014f0                LCD_TFT_IRQHandler
                0x00000000080014f0                EXTI0_IRQHandler
                0x00000000080014f0                I2C2_EV_IRQHandler
                0x00000000080014f0                DMA1_Stream2_IRQHandler
                0x00000000080014f0                CAN1_RX0_IRQHandler
                0x00000000080014f0                FPU_IRQHandler
                0x00000000080014f0                OTG_HS_WKUP_IRQHandler
                0x00000000080014f0                UsageFault_Handler
                0x00000000080014f0                CAN2_SCE_IRQHandler
                0x00000000080014f0                DMA2_Stream2_IRQHandler
                0x00000000080014f0                SPI1_IRQHandler
                0x00000000080014f0                TIM6_DAC_IRQHandler
                0x00000000080014f0                TIM1_BRK_TIM9_IRQHandler
                0x00000000080014f0                DCMI_IRQHandler
                0x00000000080014f0                CAN2_RX0_IRQHandler
                0x00000000080014f0                DMA2_Stream3_IRQHandler
                0x00000000080014f0                USART6_IRQHandler
                0x00000000080014f0                USART3_IRQHandler
                0x00000000080014f0                CRYP_IRQHandler
                0x00000000080014f0                CAN1_RX1_IRQHandler
                0x00000000080014f0                UART5_IRQHandler
                0x00000000080014f0                DMA2_Stream0_IRQHandler
                0x00000000080014f0                TIM4_IRQHandler
                0x00000000080014f0                DMA1_Stream6_IRQHandler
                0x00000000080014f0                DMA1_Stream1_IRQHandler
                0x00000000080014f0                UART4_IRQHandler
                0x00000000080014f0                LCD_TFT_1_IRQHandler
                0x00000000080014f0                TIM3_IRQHandler
                0x00000000080014f0                RCC_IRQHandler
                0x00000000080014f0                TIM8_BRK_TIM12_IRQHandler
                0x00000000080014f0                Default_Handler
                0x00000000080014f0                EXTI15_10_IRQHandler
                0x00000000080014f0                ADC_IRQHandler
                0x00000000080014f0                DMA1_Stream7_IRQHandler
                0x00000000080014f0                TIM7_IRQHandler
                0x00000000080014f0                CAN2_TX_IRQHandler
                0x00000000080014f0                TIM5_IRQHandler
                0x00000000080014f0                DMA2_Stream7_IRQHandler
                0x00000000080014f0                I2C3_EV_IRQHandler
                0x00000000080014f0                EXTI9_5_IRQHandler
                0x00000000080014f0                RTC_WKUP_IRQHandler
                0x00000000080014f0                ETH_WKUP_IRQHandler
                0x00000000080014f0                SPI2_IRQHandler
                0x00000000080014f0                OTG_HS_EP1_IN_IRQHandler
                0x00000000080014f0                MemManage_Handler
                0x00000000080014f0                DMA1_Stream0_IRQHandler
                0x00000000080014f0                CAN1_TX_IRQHandler
                0x00000000080014f0                SVC_Handler
                0x00000000080014f0                EXTI4_IRQHandler
                0x00000000080014f0                FSMC_IRQHandler
                0x00000000080014f0                ETH_IRQHandler
                0x00000000080014f0                OTG_HS_EP1_OUT_IRQHandler
                0x00000000080014f0                WWDG_IRQHandler
                0x00000000080014f0                TIM2_IRQHandler
                0x00000000080014f0                OTG_FS_WKUP_IRQHandler
                0x00000000080014f0                TIM1_TRG_COM_TIM11_IRQHandler
                0x00000000080014f0                OTG_HS_IRQHandler
                0x00000000080014f0                EXTI1_IRQHandler
                0x00000000080014f0                USART2_IRQHandler
                0x00000000080014f0                I2C2_ER_IRQHandler
                0x00000000080014f0                DMA2_Stream1_IRQHandler
                0x00000000080014f0                CAN1_SCE_IRQHandler
                0x00000000080014f0                DMA2_Stream4_IRQHandler
                0x00000000080014f0                BusFault_Handler
                0x00000000080014f0                USART1_IRQHandler
                0x00000000080014f0                OTG_FS_IRQHandler
                0x00000000080014f0                SPI3_IRQHandler
                0x00000000080014f0                DMA1_Stream4_IRQHandler
                0x00000000080014f0                DMA2_Stream6_IRQHandler
                0x00000000080014f0                DMA1_Stream3_IRQHandler
 *(.glue_7)
 .glue_7        0x00000000080014f2        0x0 linker stubs
 *(.glue_7t)
 .glue_7t       0x00000000080014f2        0x0 linker stubs
 *(.eh_frame)
 *fill*         0x00000000080014f2        0x2 
 .eh_frame      0x00000000080014f4        0x0 /media/kaushik/localDiskB/MasteringMCU/systemWorkbench/plugins/fr.ac6.mcu.externaltools.arm-none.linux64_1.17.0.201812190825/tools/compiler/bin/../lib/gcc/arm-none-eabi/7.3.1/thumb/v7e-m/fpv4-sp/hard/crtbegin.o
 *(.init)
 .init          0x00000000080014f4        0x4 /media/kaushik/localDiskB/MasteringMCU/systemWorkbench/plugins/fr.ac6.mcu.externaltools.arm-none.linux64_1.17.0.201812190825/tools/compiler/bin/../lib/gcc/arm-none-eabi/7.3.1/thumb/v7e-m/fpv4-sp/hard/crti.o
                0x00000000080014f4                _init
 .init          0x00000000080014f8        0x8 /media/kaushik/localDiskB/MasteringMCU/systemWorkbench/plugins/fr.ac6.mcu.externaltools.arm-none.linux64_1.17.0.201812190825/tools/compiler/bin/../lib/gcc/arm-none-eabi/7.3.1/thumb/v7e-m/fpv4-sp/hard/crtn.o
 *(.fini)
 .fini          0x0000000008001500        0x4 /media/kaushik/localDiskB/MasteringMCU/systemWorkbench/plugins/fr.ac6.mcu.externaltools.arm-none.linux64_1.17.0.201812190825/tools/compiler/bin/../lib/gcc/arm-none-eabi/7.3.1/thumb/v7e-m/fpv4-sp/hard/crti.o
                0x0000000008001500                _fini
 .fini          0x0000000008001504        0x8 /media/kaushik/localDiskB/MasteringMCU/systemWorkbench/plugins/fr.ac6.mcu.externaltools.arm-none.linux64_1.17.0.201812190825/tools/compiler/bin/../lib/gcc/arm-none-eabi/7.3.1/thumb/v7e-m/fpv4-sp/hard/crtn.o
                0x000000000800150c                . = ALIGN (0x4)
                0x000000000800150c                _etext = .

.vfp11_veneer   0x000000000800150c        0x0
 .vfp11_veneer  0x000000000800150c        0x0 linker stubs

.v4_bx          0x000000000800150c        0x0
 .v4_bx         0x000000000800150c        0x0 linker stubs

.iplt           0x000000000800150c        0x0
 .iplt          0x000000000800150c        0x0 /media/kaushik/localDiskB/MasteringMCU/systemWorkbench/plugins/fr.ac6.mcu.externaltools.arm-none.linux64_1.17.0.201812190825/tools/compiler/bin/../lib/gcc/arm-none-eabi/7.3.1/thumb/v7e-m/fpv4-sp/hard/crtbegin.o

.rodata         0x000000000800150c        0x4
                0x000000000800150c                . = ALIGN (0x4)
 *(.rodata)
 *(.rodata*)
 .rodata._global_impure_ptr
                0x000000000800150c        0x4 /media/kaushik/localDiskB/MasteringMCU/systemWorkbench/plugins/fr.ac6.mcu.externaltools.arm-none.linux64_1.17.0.201812190825/tools/compiler/bin/../lib/gcc/arm-none-eabi/7.3.1/../../../../arm-none-eabi/lib/thumb/v7e-m/fpv4-sp/hard/libc.a(lib_a-impure.o)
                0x000000000800150c                _global_impure_ptr
                0x0000000008001510                . = ALIGN (0x4)

.rel.dyn        0x0000000008001510        0x0
 .rel.iplt      0x0000000008001510        0x0 /media/kaushik/localDiskB/MasteringMCU/systemWorkbench/plugins/fr.ac6.mcu.externaltools.arm-none.linux64_1.17.0.201812190825/tools/compiler/bin/../lib/gcc/arm-none-eabi/7.3.1/thumb/v7e-m/fpv4-sp/hard/crtbegin.o

.ARM.extab      0x0000000008001510        0x0
                0x0000000008001510                . = ALIGN (0x4)
 *(.ARM.extab* .gnu.linkonce.armextab.*)
                0x0000000008001510                . = ALIGN (0x4)

.ARM            0x0000000008001510        0x0
                0x0000000008001510                . = ALIGN (0x4)
                0x0000000008001510                __exidx_start = .
 *(.ARM.exidx*)
                0x0000000008001510                __exidx_end = .
                0x0000000008001510                . = ALIGN (0x4)

.preinit_array  0x0000000008001510        0x0
                0x0000000008001510                . = ALIGN (0x4)
                0x0000000008001510                PROVIDE (__preinit_array_start = .)
 *(.preinit_array*)
                0x0000000008001510                PROVIDE (__preinit_array_end = .)
                0x0000000008001510                . = ALIGN (0x4)

.init_array     0x0000000008001510        0x8
                0x0000000008001510                . = ALIGN (0x4)
                0x0000000008001510                PROVIDE (__init_array_start = .)
 *(SORT_BY_NAME(.init_array.*))
 .init_array.00000
                0x0000000008001510        0x4 /media/kaushik/localDiskB/MasteringMCU/systemWorkbench/plugins/fr.ac6.mcu.externaltools.arm-none.linux64_1.17.0.201812190825/tools/compiler/bin/../lib/gcc/arm-none-eabi/7.3.1/../../../../arm-none-eabi/lib/thumb/v7e-m/fpv4-sp/hard/libc.a(lib_a-__call_atexit.o)
 *(.init_array*)
 .init_array    0x0000000008001514        0x4 /media/kaushik/localDiskB/MasteringMCU/systemWorkbench/plugins/fr.ac6.mcu.externaltools.arm-none.linux64_1.17.0.201812190825/tools/compiler/bin/../lib/gcc/arm-none-eabi/7.3.1/thumb/v7e-m/fpv4-sp/hard/crtbegin.o
                0x0000000008001518                PROVIDE (__init_array_end = .)
                0x0000000008001518                . = ALIGN (0x4)

.fini_array     0x0000000008001518        0x4
                0x0000000008001518                . = ALIGN (0x4)
                0x0000000008001518                PROVIDE (__fini_array_start = .)
 *(SORT_BY_NAME(.fini_array.*))
 *(.fini_array*)
 .fini_array    0x0000000008001518        0x4 /media/kaushik/localDiskB/MasteringMCU/systemWorkbench/plugins/fr.ac6.mcu.externaltools.arm-none.linux64_1.17.0.201812190825/tools/compiler/bin/../lib/gcc/arm-none-eabi/7.3.1/thumb/v7e-m/fpv4-sp/hard/crtbegin.o
                0x000000000800151c                PROVIDE (__fini_array_end = .)
                0x000000000800151c                . = ALIGN (0x4)
                0x000000000800151c                _sidata = LOADADDR (.data)

.data           0x0000000020000000      0x464 load address 0x000000000800151c
                0x0000000020000000                . = ALIGN (0x4)
                0x0000000020000000                _sdata = .
 *(.data)
 .data          0x0000000020000000       0x14 drivers/src/stm32f407xx_rcc.o
                0x0000000020000000                AHB_PreScaler
                0x0000000020000010                APB1_PreScaler
 .data          0x0000000020000014       0x20 src/i2c_slave_tx_testing.o
                0x0000000020000014                Tx_buf
 *(.data*)
 *fill*         0x0000000020000034        0x4 
 .data.impure_data
                0x0000000020000038      0x428 /media/kaushik/localDiskB/MasteringMCU/systemWorkbench/plugins/fr.ac6.mcu.externaltools.arm-none.linux64_1.17.0.201812190825/tools/compiler/bin/../lib/gcc/arm-none-eabi/7.3.1/../../../../arm-none-eabi/lib/thumb/v7e-m/fpv4-sp/hard/libc.a(lib_a-impure.o)
 .data.__atexit_recursive_mutex
                0x0000000020000460        0x4 /media/kaushik/localDiskB/MasteringMCU/systemWorkbench/plugins/fr.ac6.mcu.externaltools.arm-none.linux64_1.17.0.201812190825/tools/compiler/bin/../lib/gcc/arm-none-eabi/7.3.1/../../../../arm-none-eabi/lib/thumb/v7e-m/fpv4-sp/hard/libc.a(lib_a-__call_atexit.o)
                0x0000000020000460                __atexit_recursive_mutex
                0x0000000020000464                . = ALIGN (0x4)
                0x0000000020000464                _edata = .

.igot.plt       0x0000000020000464        0x0 load address 0x0000000008001980
 .igot.plt      0x0000000020000464        0x0 /media/kaushik/localDiskB/MasteringMCU/systemWorkbench/plugins/fr.ac6.mcu.externaltools.arm-none.linux64_1.17.0.201812190825/tools/compiler/bin/../lib/gcc/arm-none-eabi/7.3.1/thumb/v7e-m/fpv4-sp/hard/crtbegin.o
                0x0000000020000464                . = ALIGN (0x4)

.bss            0x0000000020000464       0x6c load address 0x0000000008001980
                0x0000000020000464                _sbss = .
                0x0000000020000464                __bss_start__ = _sbss
 *(.bss)
 .bss           0x0000000020000464       0x1c /media/kaushik/localDiskB/MasteringMCU/systemWorkbench/plugins/fr.ac6.mcu.externaltools.arm-none.linux64_1.17.0.201812190825/tools/compiler/bin/../lib/gcc/arm-none-eabi/7.3.1/thumb/v7e-m/fpv4-sp/hard/crtbegin.o
 .bss           0x0000000020000480        0x2 src/i2c_slave_tx_testing.o
 *(.bss*)
 *(COMMON)
 *fill*         0x0000000020000482        0x2 
 COMMON         0x0000000020000484       0x21 /media/kaushik/localDiskB/MasteringMCU/systemWorkbench/plugins/fr.ac6.mcu.externaltools.arm-none.linux64_1.17.0.201812190825/tools/compiler/bin/../lib/gcc/arm-none-eabi/7.3.1/../../../../arm-none-eabi/lib/thumb/v7e-m/fpv4-sp/hard/libc.a(lib_a-lock.o)
                0x0000000020000484                __lock___atexit_recursive_mutex
                0x0000000020000488                __lock___arc4random_mutex
                0x000000002000048c                __lock___env_recursive_mutex
                0x0000000020000490                __lock___sinit_recursive_mutex
                0x0000000020000494                __lock___malloc_recursive_mutex
                0x0000000020000498                __lock___at_quick_exit_mutex
                0x000000002000049c                __lock___dd_hash_mutex
                0x00000000200004a0                __lock___tz_mutex
                0x00000000200004a4                __lock___sfp_recursive_mutex
 *fill*         0x00000000200004a5        0x3 
 COMMON         0x00000000200004a8       0x28 src/i2c_slave_tx_testing.o
                0x00000000200004a8                I2C1Handle
                0x00000000200004d0                . = ALIGN (0x4)
                0x00000000200004d0                _ebss = .
                0x00000000200004d0                __bss_end__ = _ebss

._user_heap_stack
                0x00000000200004d0      0x400 load address 0x0000000008001980
                0x00000000200004d0                . = ALIGN (0x8)
                0x00000000200004d0                PROVIDE (end = .)
                [!provide]                        PROVIDE (_end = .)
                0x00000000200004d0                . = (. + _Min_Heap_Size)
                0x00000000200008d0                . = (. + _Min_Stack_Size)
 *fill*         0x00000000200004d0      0x400 
                0x00000000200008d0                . = ALIGN (0x8)

/DISCARD/
 libc.a(*)
 libm.a(*)
 libgcc.a(*)

.ARM.attributes
                0x0000000000000000       0x30
 *(.ARM.attributes)
 .ARM.attributes
                0x0000000000000000       0x22 /media/kaushik/localDiskB/MasteringMCU/systemWorkbench/plugins/fr.ac6.mcu.externaltools.arm-none.linux64_1.17.0.201812190825/tools/compiler/bin/../lib/gcc/arm-none-eabi/7.3.1/thumb/v7e-m/fpv4-sp/hard/crti.o
 .ARM.attributes
                0x0000000000000022       0x34 /media/kaushik/localDiskB/MasteringMCU/systemWorkbench/plugins/fr.ac6.mcu.externaltools.arm-none.linux64_1.17.0.201812190825/tools/compiler/bin/../lib/gcc/arm-none-eabi/7.3.1/thumb/v7e-m/fpv4-sp/hard/crtbegin.o
 .ARM.attributes
                0x0000000000000056       0x34 /media/kaushik/localDiskB/MasteringMCU/systemWorkbench/plugins/fr.ac6.mcu.externaltools.arm-none.linux64_1.17.0.201812190825/tools/compiler/bin/../lib/gcc/arm-none-eabi/7.3.1/../../../../arm-none-eabi/lib/thumb/v7e-m/fpv4-sp/hard/libc.a(lib_a-impure.o)
 .ARM.attributes
                0x000000000000008a       0x34 /media/kaushik/localDiskB/MasteringMCU/systemWorkbench/plugins/fr.ac6.mcu.externaltools.arm-none.linux64_1.17.0.201812190825/tools/compiler/bin/../lib/gcc/arm-none-eabi/7.3.1/../../../../arm-none-eabi/lib/thumb/v7e-m/fpv4-sp/hard/libc.a(lib_a-init.o)
 .ARM.attributes
                0x00000000000000be       0x34 /media/kaushik/localDiskB/MasteringMCU/systemWorkbench/plugins/fr.ac6.mcu.externaltools.arm-none.linux64_1.17.0.201812190825/tools/compiler/bin/../lib/gcc/arm-none-eabi/7.3.1/../../../../arm-none-eabi/lib/thumb/v7e-m/fpv4-sp/hard/libc.a(lib_a-__call_atexit.o)
 .ARM.attributes
                0x00000000000000f2       0x34 /media/kaushik/localDiskB/MasteringMCU/systemWorkbench/plugins/fr.ac6.mcu.externaltools.arm-none.linux64_1.17.0.201812190825/tools/compiler/bin/../lib/gcc/arm-none-eabi/7.3.1/../../../../arm-none-eabi/lib/thumb/v7e-m/fpv4-sp/hard/libc.a(lib_a-atexit.o)
 .ARM.attributes
                0x0000000000000126       0x34 /media/kaushik/localDiskB/MasteringMCU/systemWorkbench/plugins/fr.ac6.mcu.externaltools.arm-none.linux64_1.17.0.201812190825/tools/compiler/bin/../lib/gcc/arm-none-eabi/7.3.1/../../../../arm-none-eabi/lib/thumb/v7e-m/fpv4-sp/hard/libc.a(lib_a-fini.o)
 .ARM.attributes
                0x000000000000015a       0x34 /media/kaushik/localDiskB/MasteringMCU/systemWorkbench/plugins/fr.ac6.mcu.externaltools.arm-none.linux64_1.17.0.201812190825/tools/compiler/bin/../lib/gcc/arm-none-eabi/7.3.1/../../../../arm-none-eabi/lib/thumb/v7e-m/fpv4-sp/hard/libc.a(lib_a-lock.o)
 .ARM.attributes
                0x000000000000018e       0x34 /media/kaushik/localDiskB/MasteringMCU/systemWorkbench/plugins/fr.ac6.mcu.externaltools.arm-none.linux64_1.17.0.201812190825/tools/compiler/bin/../lib/gcc/arm-none-eabi/7.3.1/../../../../arm-none-eabi/lib/thumb/v7e-m/fpv4-sp/hard/libc.a(lib_a-__atexit.o)
 .ARM.attributes
                0x00000000000001c2       0x39 drivers/src/stm32f407xx_gpio.o
 .ARM.attributes
                0x00000000000001fb       0x39 drivers/src/stm32f407xx_i2c.o
 .ARM.attributes
                0x0000000000000234       0x39 drivers/src/stm32f407xx_rcc.o
 .ARM.attributes
                0x000000000000026d       0x39 src/i2c_slave_tx_testing.o
 .ARM.attributes
                0x00000000000002a6       0x21 startup/startup_stm32.o
 .ARM.attributes
                0x00000000000002c7       0x20 /media/kaushik/localDiskB/MasteringMCU/systemWorkbench/plugins/fr.ac6.mcu.externaltools.arm-none.linux64_1.17.0.201812190825/tools/compiler/bin/../lib/gcc/arm-none-eabi/7.3.1/../../../../arm-none-eabi/lib/thumb/v7e-m/fpv4-sp/hard/libc.a(lib_a-strlen.o)
 .ARM.attributes
                0x00000000000002e7       0x22 /media/kaushik/localDiskB/MasteringMCU/systemWorkbench/plugins/fr.ac6.mcu.externaltools.arm-none.linux64_1.17.0.201812190825/tools/compiler/bin/../lib/gcc/arm-none-eabi/7.3.1/thumb/v7e-m/fpv4-sp/hard/crtn.o
OUTPUT(stm32f4xx_drivers.elf elf32-littlearm)

.debug_frame    0x0000000000000000      0x8ec
 .debug_frame   0x0000000000000000       0x2c /media/kaushik/localDiskB/MasteringMCU/systemWorkbench/plugins/fr.ac6.mcu.externaltools.arm-none.linux64_1.17.0.201812190825/tools/compiler/bin/../lib/gcc/arm-none-eabi/7.3.1/../../../../arm-none-eabi/lib/thumb/v7e-m/fpv4-sp/hard/libc.a(lib_a-init.o)
 .debug_frame   0x000000000000002c       0x5c /media/kaushik/localDiskB/MasteringMCU/systemWorkbench/plugins/fr.ac6.mcu.externaltools.arm-none.linux64_1.17.0.201812190825/tools/compiler/bin/../lib/gcc/arm-none-eabi/7.3.1/../../../../arm-none-eabi/lib/thumb/v7e-m/fpv4-sp/hard/libc.a(lib_a-__call_atexit.o)
 .debug_frame   0x0000000000000088       0x20 /media/kaushik/localDiskB/MasteringMCU/systemWorkbench/plugins/fr.ac6.mcu.externaltools.arm-none.linux64_1.17.0.201812190825/tools/compiler/bin/../lib/gcc/arm-none-eabi/7.3.1/../../../../arm-none-eabi/lib/thumb/v7e-m/fpv4-sp/hard/libc.a(lib_a-atexit.o)
 .debug_frame   0x00000000000000a8       0x34 /media/kaushik/localDiskB/MasteringMCU/systemWorkbench/plugins/fr.ac6.mcu.externaltools.arm-none.linux64_1.17.0.201812190825/tools/compiler/bin/../lib/gcc/arm-none-eabi/7.3.1/../../../../arm-none-eabi/lib/thumb/v7e-m/fpv4-sp/hard/libc.a(lib_a-fini.o)
 .debug_frame   0x00000000000000dc       0xb0 /media/kaushik/localDiskB/MasteringMCU/systemWorkbench/plugins/fr.ac6.mcu.externaltools.arm-none.linux64_1.17.0.201812190825/tools/compiler/bin/../lib/gcc/arm-none-eabi/7.3.1/../../../../arm-none-eabi/lib/thumb/v7e-m/fpv4-sp/hard/libc.a(lib_a-lock.o)
 .debug_frame   0x000000000000018c       0x34 /media/kaushik/localDiskB/MasteringMCU/systemWorkbench/plugins/fr.ac6.mcu.externaltools.arm-none.linux64_1.17.0.201812190825/tools/compiler/bin/../lib/gcc/arm-none-eabi/7.3.1/../../../../arm-none-eabi/lib/thumb/v7e-m/fpv4-sp/hard/libc.a(lib_a-__atexit.o)
 .debug_frame   0x00000000000001c0      0x1c8 drivers/src/stm32f407xx_gpio.o
 .debug_frame   0x0000000000000388      0x3f8 drivers/src/stm32f407xx_i2c.o
 .debug_frame   0x0000000000000780       0x54 drivers/src/stm32f407xx_rcc.o
 .debug_frame   0x00000000000007d4      0x118 src/i2c_slave_tx_testing.o

.debug_info     0x0000000000000000     0x29f0
 .debug_info    0x0000000000000000      0x95f drivers/src/stm32f407xx_gpio.o
 .debug_info    0x000000000000095f      0xcf5 drivers/src/stm32f407xx_i2c.o
 .debug_info    0x0000000000001654      0x335 drivers/src/stm32f407xx_rcc.o
 .debug_info    0x0000000000001989     0x1045 src/i2c_slave_tx_testing.o
 .debug_info    0x00000000000029ce       0x22 startup/startup_stm32.o

.debug_abbrev   0x0000000000000000      0x7d2
 .debug_abbrev  0x0000000000000000      0x198 drivers/src/stm32f407xx_gpio.o
 .debug_abbrev  0x0000000000000198      0x2b4 drivers/src/stm32f407xx_i2c.o
 .debug_abbrev  0x000000000000044c       0xf5 drivers/src/stm32f407xx_rcc.o
 .debug_abbrev  0x0000000000000541      0x27f src/i2c_slave_tx_testing.o
 .debug_abbrev  0x00000000000007c0       0x12 startup/startup_stm32.o

.debug_aranges  0x0000000000000000      0x200
 .debug_aranges
                0x0000000000000000       0x70 drivers/src/stm32f407xx_gpio.o
 .debug_aranges
                0x0000000000000070       0xe8 drivers/src/stm32f407xx_i2c.o
 .debug_aranges
                0x0000000000000158       0x28 drivers/src/stm32f407xx_rcc.o
 .debug_aranges
                0x0000000000000180       0x58 src/i2c_slave_tx_testing.o
 .debug_aranges
                0x00000000000001d8       0x28 startup/startup_stm32.o

.debug_ranges   0x0000000000000000      0x1b8
 .debug_ranges  0x0000000000000000       0x60 drivers/src/stm32f407xx_gpio.o
 .debug_ranges  0x0000000000000060       0xd8 drivers/src/stm32f407xx_i2c.o
 .debug_ranges  0x0000000000000138       0x18 drivers/src/stm32f407xx_rcc.o
 .debug_ranges  0x0000000000000150       0x48 src/i2c_slave_tx_testing.o
 .debug_ranges  0x0000000000000198       0x20 startup/startup_stm32.o

.debug_macro    0x0000000000000000     0x2520
 .debug_macro   0x0000000000000000       0xaf drivers/src/stm32f407xx_gpio.o
 .debug_macro   0x00000000000000af      0xa66 drivers/src/stm32f407xx_gpio.o
 .debug_macro   0x0000000000000b15       0x22 drivers/src/stm32f407xx_gpio.o
 .debug_macro   0x0000000000000b37       0x8e drivers/src/stm32f407xx_gpio.o
 .debug_macro   0x0000000000000bc5       0x51 drivers/src/stm32f407xx_gpio.o
 .debug_macro   0x0000000000000c16       0xef drivers/src/stm32f407xx_gpio.o
 .debug_macro   0x0000000000000d05       0x6a drivers/src/stm32f407xx_gpio.o
 .debug_macro   0x0000000000000d6f      0x1df drivers/src/stm32f407xx_gpio.o
 .debug_macro   0x0000000000000f4e      0x174 drivers/src/stm32f407xx_gpio.o
 .debug_macro   0x00000000000010c2      0x3a6 drivers/src/stm32f407xx_gpio.o
 .debug_macro   0x0000000000001468       0xb3 drivers/src/stm32f407xx_i2c.o
 .debug_macro   0x000000000000151b       0xaf drivers/src/stm32f407xx_rcc.o
 .debug_macro   0x00000000000015ca      0x232 src/i2c_slave_tx_testing.o
 .debug_macro   0x00000000000017fc       0x58 src/i2c_slave_tx_testing.o
 .debug_macro   0x0000000000001854       0x18 src/i2c_slave_tx_testing.o
 .debug_macro   0x000000000000186c       0x94 src/i2c_slave_tx_testing.o
 .debug_macro   0x0000000000001900       0x35 src/i2c_slave_tx_testing.o
 .debug_macro   0x0000000000001935       0x34 src/i2c_slave_tx_testing.o
 .debug_macro   0x0000000000001969       0x16 src/i2c_slave_tx_testing.o
 .debug_macro   0x000000000000197f       0x57 src/i2c_slave_tx_testing.o
 .debug_macro   0x00000000000019d6       0x97 src/i2c_slave_tx_testing.o
 .debug_macro   0x0000000000001a6d      0x330 src/i2c_slave_tx_testing.o
 .debug_macro   0x0000000000001d9d       0xfd src/i2c_slave_tx_testing.o
 .debug_macro   0x0000000000001e9a       0x10 src/i2c_slave_tx_testing.o
 .debug_macro   0x0000000000001eaa       0x58 src/i2c_slave_tx_testing.o
 .debug_macro   0x0000000000001f02       0x1f src/i2c_slave_tx_testing.o
 .debug_macro   0x0000000000001f21       0x43 src/i2c_slave_tx_testing.o
 .debug_macro   0x0000000000001f64       0x20 src/i2c_slave_tx_testing.o
 .debug_macro   0x0000000000001f84      0x18e src/i2c_slave_tx_testing.o
 .debug_macro   0x0000000000002112       0x10 src/i2c_slave_tx_testing.o
 .debug_macro   0x0000000000002122       0x1c src/i2c_slave_tx_testing.o
 .debug_macro   0x000000000000213e       0x52 src/i2c_slave_tx_testing.o
 .debug_macro   0x0000000000002190       0x40 src/i2c_slave_tx_testing.o
 .debug_macro   0x00000000000021d0       0x10 src/i2c_slave_tx_testing.o
 .debug_macro   0x00000000000021e0       0x40 src/i2c_slave_tx_testing.o
 .debug_macro   0x0000000000002220       0xd7 src/i2c_slave_tx_testing.o
 .debug_macro   0x00000000000022f7       0x1c src/i2c_slave_tx_testing.o
 .debug_macro   0x0000000000002313       0x3d src/i2c_slave_tx_testing.o
 .debug_macro   0x0000000000002350       0x16 src/i2c_slave_tx_testing.o
 .debug_macro   0x0000000000002366      0x16f src/i2c_slave_tx_testing.o
 .debug_macro   0x00000000000024d5       0x16 src/i2c_slave_tx_testing.o
 .debug_macro   0x00000000000024eb       0x35 src/i2c_slave_tx_testing.o

.debug_line     0x0000000000000000     0x1a99
 .debug_line    0x0000000000000000      0x73b drivers/src/stm32f407xx_gpio.o
 .debug_line    0x000000000000073b      0x856 drivers/src/stm32f407xx_i2c.o
 .debug_line    0x0000000000000f91      0x44f drivers/src/stm32f407xx_rcc.o
 .debug_line    0x00000000000013e0      0x63d src/i2c_slave_tx_testing.o
 .debug_line    0x0000000000001a1d       0x7c startup/startup_stm32.o

.debug_str      0x0000000000000000     0xa0e2
 .debug_str     0x0000000000000000     0x5af3 drivers/src/stm32f407xx_gpio.o
                                       0x5cfd (size before relaxing)
 .debug_str     0x0000000000005af3      0x689 drivers/src/stm32f407xx_i2c.o
                                       0x5e9d (size before relaxing)
 .debug_str     0x000000000000617c       0x94 drivers/src/stm32f407xx_rcc.o
                                       0x57d4 (size before relaxing)
 .debug_str     0x0000000000006210     0x3ea9 src/i2c_slave_tx_testing.o
                                       0x9b4b (size before relaxing)
 .debug_str     0x000000000000a0b9       0x29 startup/startup_stm32.o
                                         0x82 (size before relaxing)

.comment        0x0000000000000000       0x7f
 .comment       0x0000000000000000       0x7f drivers/src/stm32f407xx_gpio.o
                                         0x80 (size before relaxing)
 .comment       0x000000000000007f       0x80 drivers/src/stm32f407xx_i2c.o
 .comment       0x000000000000007f       0x80 drivers/src/stm32f407xx_rcc.o
 .comment       0x000000000000007f       0x80 src/i2c_slave_tx_testing.o
